Component: ARM Compiler 5.06 update 6 (build 750) Tool: armlink [4d35ed]

==============================================================================

Section Cross References

    main.o(i.main) refers to _printf_percent.o(.ARM.Collect$$_printf_percent$$00000000) for _printf_percent
    main.o(i.main) refers to _printf_d.o(.ARM.Collect$$_printf_percent$$00000009) for _printf_d
    main.o(i.main) refers to _printf_s.o(.ARM.Collect$$_printf_percent$$00000014) for _printf_s
    main.o(i.main) refers to _printf_dec.o(.text) for _printf_int_dec
    main.o(i.main) refers to _printf_str.o(.text) for _printf_str
    main.o(i.main) refers to _printf_u.o(.ARM.Collect$$_printf_percent$$0000000A) for _printf_u
    main.o(i.main) refers to uart.o(i.init_UART1) for init_UART1
    main.o(i.main) refers to uart.o(i.init_UART0) for init_UART0
    main.o(i.main) refers to sd.o(i.SD_Init) for SD_Init
    main.o(i.main) refers to uart.o(i.UART0_str) for UART0_str
    main.o(i.main) refers to uart.o(i.UART0_RxChar) for UART0_RxChar
    main.o(i.main) refers to uart.o(i.UART0_Tx) for UART0_Tx
    main.o(i.main) refers to uart.o(i.UART0_RxString) for UART0_RxString
    main.o(i.main) refers to fat32.o(i.FILE_Open) for FILE_Open
    main.o(i.main) refers to fat32.o(i.FILE_GetCh) for FILE_GetCh
    main.o(i.main) refers to fat32.o(i.FILE_Close) for FILE_Close
    main.o(i.main) refers to fat32.o(i.FILE_PutCh) for FILE_PutCh
    main.o(i.main) refers to fat32.o(i.FILE_Delete) for FILE_Delete
    main.o(i.main) refers to rt_memclr_w.o(.text) for __aeabi_memclr4
    main.o(i.main) refers to fat32.o(i.FILE_GetList) for FILE_GetList
    main.o(i.main) refers to noretval__2sprintf.o(.text) for __2sprintf
    main.o(i.main) refers to fat32.o(i.FILE_GetMemoryStatics) for FILE_GetMemoryStatics
    main.o(i.main) refers to main.o(.conststring) for .conststring
    sd.o(i.SD_Init) refers to spi.o(i.init_SSI0) for init_SSI0
    sd.o(i.SD_Init) refers to sd.o(i.init_SdCard) for init_SdCard
    sd.o(i.SD_Init) refers to fat32.o(i.getBootSectorData) for getBootSectorData
    sd.o(i.SD_erase) refers to sd.o(i.SD_sendCommand) for SD_sendCommand
    sd.o(i.SD_readSingleBlock) refers to sd.o(i.SD_sendCommand) for SD_sendCommand
    sd.o(i.SD_readSingleBlock) refers to spi.o(i.SPI_EnableChipSelect) for SPI_EnableChipSelect
    sd.o(i.SD_readSingleBlock) refers to spi.o(i.SPI_DisableChipSelect) for SPI_DisableChipSelect
    sd.o(i.SD_readSingleBlock) refers to spi.o(i.SSI_Read) for SSI_Read
    sd.o(i.SD_sendCommand) refers to spi.o(i.SPI_EnableChipSelect) for SPI_EnableChipSelect
    sd.o(i.SD_sendCommand) refers to spi.o(i.SSI_Write) for SSI_Write
    sd.o(i.SD_sendCommand) refers to spi.o(i.SSI_Read) for SSI_Read
    sd.o(i.SD_sendCommand) refers to spi.o(i.SPI_DisableChipSelect) for SPI_DisableChipSelect
    sd.o(i.SD_sendCommand) refers to sd.o(.data) for V_SdHighcapacityFlag_u8
    sd.o(i.SD_writeSingleBlock) refers to sd.o(i.SD_sendCommand) for SD_sendCommand
    sd.o(i.SD_writeSingleBlock) refers to spi.o(i.SPI_EnableChipSelect) for SPI_EnableChipSelect
    sd.o(i.SD_writeSingleBlock) refers to spi.o(i.SSI_Write) for SSI_Write
    sd.o(i.SD_writeSingleBlock) refers to spi.o(i.SSI_Read) for SSI_Read
    sd.o(i.SD_writeSingleBlock) refers to spi.o(i.SPI_DisableChipSelect) for SPI_DisableChipSelect
    sd.o(i.init_SdCard) refers to spi.o(i.SSI_Write) for SSI_Write
    sd.o(i.init_SdCard) refers to spi.o(i.SPI_EnableChipSelect) for SPI_EnableChipSelect
    sd.o(i.init_SdCard) refers to sd.o(i.SD_sendCommand) for SD_sendCommand
    sd.o(i.init_SdCard) refers to spi.o(i.SPI_DisableChipSelect) for SPI_DisableChipSelect
    sd.o(i.init_SdCard) refers to sd.o(.data) for V_SdHighcapacityFlag_u8
    uart.o(i.UART0_RxString) refers to uart.o(i.UART0_RxChar) for UART0_RxChar
    uart.o(i.UART0_RxString) refers to uart.o(i.UART0_Tx) for UART0_Tx
    uart.o(i.UART0_Tx_num) refers to strlen.o(.text) for strlen
    uart.o(i.UART0_Tx_num) refers to uart.o(i.UART0_Tx) for UART0_Tx
    uart.o(i.UART0_str) refers to uart.o(i.UART0_Tx) for UART0_Tx
    fat32.o(i.FILE_Delete) refers to strcpy.o(.text) for strcpy
    fat32.o(i.FILE_Delete) refers to fat32.o(i.convertFileName) for convertFileName
    fat32.o(i.FILE_Delete) refers to strcmpv7m.o(.text) for strcmp
    fat32.o(i.FILE_Delete) refers to fat32.o(i.deletefile) for deletefile
    fat32.o(i.FILE_Delete) refers to fat32.o(.bss) for fatMappingTable
    fat32.o(i.FILE_GetCh) refers to fat32.o(i.getFirstSector) for getFirstSector
    fat32.o(i.FILE_GetCh) refers to sd.o(i.SD_readSingleBlock) for SD_readSingleBlock
    fat32.o(i.FILE_GetCh) refers to fat32.o(i.getSetNextCluster) for getSetNextCluster
    fat32.o(i.FILE_GetCh) refers to fat32.o(.data) for sectorPerCluster
    fat32.o(i.FILE_GetList) refers to fat32.o(i.getFirstSector) for getFirstSector
    fat32.o(i.FILE_GetList) refers to sd.o(i.SD_readSingleBlock) for SD_readSingleBlock
    fat32.o(i.FILE_GetList) refers to fat32.o(i.getSetNextCluster) for getSetNextCluster
    fat32.o(i.FILE_GetList) refers to fat32.o(.data) for clusterNumber
    fat32.o(i.FILE_GetList) refers to fat32.o(.bss) for GlobalBuffer
    fat32.o(i.FILE_GetMemoryStatics) refers to fat32.o(i.getSetFreeCluster) for getSetFreeCluster
    fat32.o(i.FILE_GetMemoryStatics) refers to sd.o(i.SD_readSingleBlock) for SD_readSingleBlock
    fat32.o(i.FILE_GetMemoryStatics) refers to fat32.o(.data) for totalClusters
    fat32.o(i.FILE_GetMemoryStatics) refers to fat32.o(.bss) for GlobalBuffer
    fat32.o(i.FILE_Open) refers to strcpy.o(.text) for strcpy
    fat32.o(i.FILE_Open) refers to fat32.o(i.openFile) for openFile
    fat32.o(i.FILE_Open) refers to fat32.o(i.getSetNextCluster) for getSetNextCluster
    fat32.o(i.FILE_Open) refers to fat32.o(i.getFirstSector) for getFirstSector
    fat32.o(i.FILE_Open) refers to sd.o(i.SD_readSingleBlock) for SD_readSingleBlock
    fat32.o(i.FILE_Open) refers to fat32.o(i.getSetFreeCluster) for getSetFreeCluster
    fat32.o(i.FILE_Open) refers to fat32.o(i.searchNextFreeCluster) for searchNextFreeCluster
    fat32.o(i.FILE_Open) refers to fat32.o(.bss) for fatMappingTable
    fat32.o(i.FILE_Open) refers to fat32.o(.data) for sectorPerCluster
    fat32.o(i.FILE_PutCh) refers to sd.o(i.SD_writeSingleBlock) for SD_writeSingleBlock
    fat32.o(i.FILE_PutCh) refers to fat32.o(i.searchNextFreeCluster) for searchNextFreeCluster
    fat32.o(i.FILE_PutCh) refers to fat32.o(i.getSetNextCluster) for getSetNextCluster
    fat32.o(i.FILE_PutCh) refers to fat32.o(i.getFirstSector) for getFirstSector
    fat32.o(i.FILE_PutCh) refers to fat32.o(i.getSetFreeCluster) for getSetFreeCluster
    fat32.o(i.FILE_PutCh) refers to sd.o(i.SD_readSingleBlock) for SD_readSingleBlock
    fat32.o(i.FILE_PutCh) refers to fat32.o(i.freeMemoryUpdate) for freeMemoryUpdate
    fat32.o(i.FILE_PutCh) refers to fat32.o(i.file_GetTime) for file_GetTime
    fat32.o(i.FILE_PutCh) refers to fat32.o(i.file_GetDate) for file_GetDate
    fat32.o(i.FILE_PutCh) refers to fat32.o(.data) for sectorPerCluster
    fat32.o(i.deletefile) refers to fat32.o(i.getFirstSector) for getFirstSector
    fat32.o(i.deletefile) refers to sd.o(i.SD_readSingleBlock) for SD_readSingleBlock
    fat32.o(i.deletefile) refers to sd.o(i.SD_writeSingleBlock) for SD_writeSingleBlock
    fat32.o(i.deletefile) refers to fat32.o(i.freeMemoryUpdate) for freeMemoryUpdate
    fat32.o(i.deletefile) refers to fat32.o(i.getSetFreeCluster) for getSetFreeCluster
    fat32.o(i.deletefile) refers to fat32.o(i.getSetNextCluster) for getSetNextCluster
    fat32.o(i.deletefile) refers to fat32.o(.data) for rootCluster
    fat32.o(i.deletefile) refers to fat32.o(.bss) for GlobalBuffer
    fat32.o(i.freeMemoryUpdate) refers to fat32.o(i.getSetFreeCluster) for getSetFreeCluster
    fat32.o(i.freeMemoryUpdate) refers to fat32.o(.data) for freeClusterCountUpdated
    fat32.o(i.getBootSectorData) refers to sd.o(i.SD_readSingleBlock) for SD_readSingleBlock
    fat32.o(i.getBootSectorData) refers to fat32.o(i.extract_DataBySize) for extract_DataBySize
    fat32.o(i.getBootSectorData) refers to fat32.o(i.getSetFreeCluster) for getSetFreeCluster
    fat32.o(i.getBootSectorData) refers to fat32.o(.data) for unusedSectors
    fat32.o(i.getBootSectorData) refers to fat32.o(.bss) for GlobalBuffer
    fat32.o(i.getFirstSector) refers to fat32.o(.data) for sectorPerCluster
    fat32.o(i.getSetFreeCluster) refers to sd.o(i.SD_readSingleBlock) for SD_readSingleBlock
    fat32.o(i.getSetFreeCluster) refers to sd.o(i.SD_writeSingleBlock) for SD_writeSingleBlock
    fat32.o(i.getSetFreeCluster) refers to fat32.o(.data) for unusedSectors
    fat32.o(i.getSetNextCluster) refers to sd.o(i.SD_readSingleBlock) for SD_readSingleBlock
    fat32.o(i.getSetNextCluster) refers to sd.o(i.SD_writeSingleBlock) for SD_writeSingleBlock
    fat32.o(i.getSetNextCluster) refers to fat32.o(.data) for bytesPerSector
    fat32.o(i.openFile) refers to fat32.o(i.convertFileName) for convertFileName
    fat32.o(i.openFile) refers to fat32.o(i.getFirstSector) for getFirstSector
    fat32.o(i.openFile) refers to sd.o(i.SD_readSingleBlock) for SD_readSingleBlock
    fat32.o(i.openFile) refers to fat32.o(i.getSetNextCluster) for getSetNextCluster
    fat32.o(i.openFile) refers to fat32.o(.data) for rootCluster
    fat32.o(i.searchNextFreeCluster) refers to sd.o(i.SD_readSingleBlock) for SD_readSingleBlock
    fat32.o(i.searchNextFreeCluster) refers to fat32.o(.data) for bytesPerSector
    startup_tm4c123.o(STACK) refers (Special) to heapauxi.o(.text) for __use_two_region_memory
    startup_tm4c123.o(HEAP) refers (Special) to heapauxi.o(.text) for __use_two_region_memory
    startup_tm4c123.o(RESET) refers (Special) to heapauxi.o(.text) for __use_two_region_memory
    startup_tm4c123.o(RESET) refers to startup_tm4c123.o(STACK) for __initial_sp
    startup_tm4c123.o(RESET) refers to startup_tm4c123.o(.text) for Reset_Handler
    startup_tm4c123.o(.text) refers (Special) to heapauxi.o(.text) for __use_two_region_memory
    startup_tm4c123.o(.text) refers to system_tm4c123.o(i.SystemInit) for SystemInit
    startup_tm4c123.o(.text) refers to __main.o(!!!main) for __main
    startup_tm4c123.o(.text) refers to startup_tm4c123.o(HEAP) for Heap_Mem
    startup_tm4c123.o(.text) refers to startup_tm4c123.o(STACK) for Stack_Mem
    system_tm4c123.o(i.SystemCoreClockUpdate) refers to system_tm4c123.o(i.getOscClk) for getOscClk
    system_tm4c123.o(i.SystemCoreClockUpdate) refers to system_tm4c123.o(.data) for SystemCoreClock
    __2sprintf.o(.text) refers to _printf_char_common.o(.text) for _printf_char_common
    __2sprintf.o(.text) refers to _sputc.o(.text) for _sputc
    noretval__2sprintf.o(.text) refers to _printf_char_common.o(.text) for _printf_char_common
    noretval__2sprintf.o(.text) refers to _sputc.o(.text) for _sputc
    __printf.o(.text) refers to _printf_percent.o(.ARM.Collect$$_printf_percent$$00000000) for _printf_percent
    _printf_str.o(.text) refers (Special) to _printf_char.o(.text) for _printf_cs_common
    _printf_dec.o(.text) refers to _printf_intcommon.o(.text) for _printf_int_common
    __printf_flags.o(.text) refers to _printf_percent.o(.ARM.Collect$$_printf_percent$$00000000) for _printf_percent
    __printf_flags.o(.text) refers to __printf_flags.o(.constdata) for .constdata
    __printf_ss.o(.text) refers to _printf_percent.o(.ARM.Collect$$_printf_percent$$00000000) for _printf_percent
    __printf_flags_ss.o(.text) refers to _printf_percent.o(.ARM.Collect$$_printf_percent$$00000000) for _printf_percent
    __printf_flags_ss.o(.text) refers to __printf_flags_ss.o(.constdata) for .constdata
    __printf_wp.o(.text) refers to __printf_wp.o(i._is_digit) for _is_digit
    __printf_wp.o(.text) refers to _printf_percent.o(.ARM.Collect$$_printf_percent$$00000000) for _printf_percent
    __printf_flags_wp.o(.text) refers to __printf_wp.o(i._is_digit) for _is_digit
    __printf_flags_wp.o(.text) refers to _printf_percent.o(.ARM.Collect$$_printf_percent$$00000000) for _printf_percent
    __printf_flags_wp.o(.text) refers to __printf_flags_wp.o(.constdata) for .constdata
    __printf_ss_wp.o(.text) refers to __printf_wp.o(i._is_digit) for _is_digit
    __printf_ss_wp.o(.text) refers to _printf_percent.o(.ARM.Collect$$_printf_percent$$00000000) for _printf_percent
    __printf_flags_ss_wp.o(.text) refers to __printf_wp.o(i._is_digit) for _is_digit
    __printf_flags_ss_wp.o(.text) refers to _printf_percent.o(.ARM.Collect$$_printf_percent$$00000000) for _printf_percent
    __printf_flags_ss_wp.o(.text) refers to __printf_flags_ss_wp.o(.constdata) for .constdata
    _printf_s.o(.ARM.Collect$$_printf_percent$$00000014) refers (Weak) to _printf_char.o(.text) for _printf_string
    _printf_d.o(.ARM.Collect$$_printf_percent$$00000009) refers (Weak) to _printf_dec.o(.text) for _printf_int_dec
    _printf_u.o(.ARM.Collect$$_printf_percent$$0000000A) refers (Weak) to _printf_dec.o(.text) for _printf_int_dec
    _printf_percent.o(.ARM.Collect$$_printf_percent$$00000000) refers (Special) to _printf_percent_end.o(.ARM.Collect$$_printf_percent$$00000017) for _printf_percent_end
    __main.o(!!!main) refers to __rtentry.o(.ARM.Collect$$rtentry$$00000000) for __rt_entry
    __rtentry.o(.ARM.Collect$$rtentry$$00000000) refers (Special) to __rtentry2.o(.ARM.Collect$$rtentry$$0000000A) for __rt_entry_li
    __rtentry.o(.ARM.Collect$$rtentry$$00000000) refers (Special) to __rtentry2.o(.ARM.Collect$$rtentry$$0000000D) for __rt_entry_main
    __rtentry.o(.ARM.Collect$$rtentry$$00000000) refers (Special) to __rtentry2.o(.ARM.Collect$$rtentry$$0000000C) for __rt_entry_postli_1
    __rtentry.o(.ARM.Collect$$rtentry$$00000000) refers (Special) to __rtentry2.o(.ARM.Collect$$rtentry$$00000009) for __rt_entry_postsh_1
    __rtentry.o(.ARM.Collect$$rtentry$$00000000) refers (Special) to __rtentry2.o(.ARM.Collect$$rtentry$$00000002) for __rt_entry_presh_1
    __rtentry.o(.ARM.Collect$$rtentry$$00000000) refers (Special) to __rtentry4.o(.ARM.Collect$$rtentry$$00000004) for __rt_entry_sh
    _printf_char_common.o(.text) refers to __printf.o(.text) for __printf
    _printf_char.o(.text) refers (Weak) to _printf_str.o(.text) for _printf_str
    __rtentry2.o(.ARM.Collect$$rtentry$$00000008) refers to boardinit2.o(.text) for _platform_post_stackheap_init
    __rtentry2.o(.ARM.Collect$$rtentry$$0000000A) refers to libinit.o(.ARM.Collect$$libinit$$00000000) for __rt_lib_init
    __rtentry2.o(.ARM.Collect$$rtentry$$0000000B) refers to boardinit3.o(.text) for _platform_post_lib_init
    __rtentry2.o(.ARM.Collect$$rtentry$$0000000D) refers to main.o(i.main) for main
    __rtentry2.o(.ARM.Collect$$rtentry$$0000000D) refers to exit.o(.text) for exit
    __rtentry2.o(.ARM.exidx) refers to __rtentry2.o(.ARM.Collect$$rtentry$$00000001) for .ARM.Collect$$rtentry$$00000001
    __rtentry2.o(.ARM.exidx) refers to __rtentry2.o(.ARM.Collect$$rtentry$$00000008) for .ARM.Collect$$rtentry$$00000008
    __rtentry2.o(.ARM.exidx) refers to __rtentry2.o(.ARM.Collect$$rtentry$$0000000A) for .ARM.Collect$$rtentry$$0000000A
    __rtentry2.o(.ARM.exidx) refers to __rtentry2.o(.ARM.Collect$$rtentry$$0000000B) for .ARM.Collect$$rtentry$$0000000B
    __rtentry2.o(.ARM.exidx) refers to __rtentry2.o(.ARM.Collect$$rtentry$$0000000D) for .ARM.Collect$$rtentry$$0000000D
    __rtentry4.o(.ARM.Collect$$rtentry$$00000004) refers to sys_stackheap_outer.o(.text) for __user_setup_stackheap
    __rtentry4.o(.ARM.exidx) refers to __rtentry4.o(.ARM.Collect$$rtentry$$00000004) for .ARM.Collect$$rtentry$$00000004
    sys_stackheap_outer.o(.text) refers to libspace.o(.text) for __user_perproc_libspace
    sys_stackheap_outer.o(.text) refers to startup_tm4c123.o(.text) for __user_initial_stackheap
    exit.o(.text) refers to rtexit.o(.ARM.Collect$$rtexit$$00000000) for __rt_exit
    libinit.o(.ARM.Collect$$libinit$$00000000) refers (Special) to libinit2.o(.ARM.Collect$$libinit$$0000002E) for __rt_lib_init_alloca_1
    libinit.o(.ARM.Collect$$libinit$$00000000) refers (Special) to libinit2.o(.ARM.Collect$$libinit$$0000002C) for __rt_lib_init_argv_1
    libinit.o(.ARM.Collect$$libinit$$00000000) refers (Special) to libinit2.o(.ARM.Collect$$libinit$$0000001B) for __rt_lib_init_atexit_1
    libinit.o(.ARM.Collect$$libinit$$00000000) refers (Special) to libinit2.o(.ARM.Collect$$libinit$$00000021) for __rt_lib_init_clock_1
    libinit.o(.ARM.Collect$$libinit$$00000000) refers (Special) to libinit2.o(.ARM.Collect$$libinit$$00000032) for __rt_lib_init_cpp_1
    libinit.o(.ARM.Collect$$libinit$$00000000) refers (Special) to libinit2.o(.ARM.Collect$$libinit$$00000030) for __rt_lib_init_exceptions_1
    libinit.o(.ARM.Collect$$libinit$$00000000) refers (Special) to libinit2.o(.ARM.Collect$$libinit$$00000001) for __rt_lib_init_fp_1
    libinit.o(.ARM.Collect$$libinit$$00000000) refers (Special) to libinit2.o(.ARM.Collect$$libinit$$0000001F) for __rt_lib_init_fp_trap_1
    libinit.o(.ARM.Collect$$libinit$$00000000) refers (Special) to libinit2.o(.ARM.Collect$$libinit$$00000023) for __rt_lib_init_getenv_1
    libinit.o(.ARM.Collect$$libinit$$00000000) refers (Special) to libinit2.o(.ARM.Collect$$libinit$$0000000A) for __rt_lib_init_heap_1
    libinit.o(.ARM.Collect$$libinit$$00000000) refers (Special) to libinit2.o(.ARM.Collect$$libinit$$00000011) for __rt_lib_init_lc_collate_1
    libinit.o(.ARM.Collect$$libinit$$00000000) refers (Special) to libinit2.o(.ARM.Collect$$libinit$$00000013) for __rt_lib_init_lc_ctype_1
    libinit.o(.ARM.Collect$$libinit$$00000000) refers (Special) to libinit2.o(.ARM.Collect$$libinit$$00000015) for __rt_lib_init_lc_monetary_1
    libinit.o(.ARM.Collect$$libinit$$00000000) refers (Special) to libinit2.o(.ARM.Collect$$libinit$$00000017) for __rt_lib_init_lc_numeric_1
    libinit.o(.ARM.Collect$$libinit$$00000000) refers (Special) to libinit2.o(.ARM.Collect$$libinit$$00000019) for __rt_lib_init_lc_time_1
    libinit.o(.ARM.Collect$$libinit$$00000000) refers (Special) to libinit2.o(.ARM.Collect$$libinit$$00000004) for __rt_lib_init_preinit_1
    libinit.o(.ARM.Collect$$libinit$$00000000) refers (Special) to libinit2.o(.ARM.Collect$$libinit$$0000000E) for __rt_lib_init_rand_1
    libinit.o(.ARM.Collect$$libinit$$00000000) refers (Special) to libinit2.o(.ARM.Collect$$libinit$$00000033) for __rt_lib_init_return
    libinit.o(.ARM.Collect$$libinit$$00000000) refers (Special) to libinit2.o(.ARM.Collect$$libinit$$0000001D) for __rt_lib_init_signal_1
    libinit.o(.ARM.Collect$$libinit$$00000000) refers (Special) to libinit2.o(.ARM.Collect$$libinit$$00000025) for __rt_lib_init_stdio_1
    libinit.o(.ARM.Collect$$libinit$$00000000) refers (Special) to libinit2.o(.ARM.Collect$$libinit$$0000000C) for __rt_lib_init_user_alloc_1
    libspace.o(.text) refers to libspace.o(.bss) for __libspace_start
    rtexit.o(.ARM.Collect$$rtexit$$00000000) refers (Special) to rtexit2.o(.ARM.Collect$$rtexit$$00000004) for __rt_exit_exit
    rtexit.o(.ARM.Collect$$rtexit$$00000000) refers (Special) to rtexit2.o(.ARM.Collect$$rtexit$$00000003) for __rt_exit_ls
    rtexit.o(.ARM.Collect$$rtexit$$00000000) refers (Special) to rtexit2.o(.ARM.Collect$$rtexit$$00000002) for __rt_exit_prels_1
    rtexit.o(.ARM.exidx) refers (Special) to rtexit2.o(.ARM.Collect$$rtexit$$00000004) for __rt_exit_exit
    rtexit.o(.ARM.exidx) refers (Special) to rtexit2.o(.ARM.Collect$$rtexit$$00000003) for __rt_exit_ls
    rtexit.o(.ARM.exidx) refers (Special) to rtexit2.o(.ARM.Collect$$rtexit$$00000002) for __rt_exit_prels_1
    rtexit.o(.ARM.exidx) refers to rtexit.o(.ARM.Collect$$rtexit$$00000000) for .ARM.Collect$$rtexit$$00000000
    libinit2.o(.ARM.Collect$$libinit$$00000001) refers to fpinit.o(x$fpl$fpinit) for _fp_init
    libinit2.o(.ARM.Collect$$libinit$$00000010) refers to libinit2.o(.ARM.Collect$$libinit$$0000000F) for .ARM.Collect$$libinit$$0000000F
    libinit2.o(.ARM.Collect$$libinit$$00000012) refers to libinit2.o(.ARM.Collect$$libinit$$0000000F) for .ARM.Collect$$libinit$$0000000F
    libinit2.o(.ARM.Collect$$libinit$$00000014) refers to libinit2.o(.ARM.Collect$$libinit$$0000000F) for .ARM.Collect$$libinit$$0000000F
    libinit2.o(.ARM.Collect$$libinit$$00000016) refers to libinit2.o(.ARM.Collect$$libinit$$0000000F) for .ARM.Collect$$libinit$$0000000F
    libinit2.o(.ARM.Collect$$libinit$$00000018) refers to libinit2.o(.ARM.Collect$$libinit$$0000000F) for .ARM.Collect$$libinit$$0000000F
    libinit2.o(.ARM.Collect$$libinit$$00000026) refers to argv_veneer.o(.emb_text) for __ARM_argv_veneer
    libinit2.o(.ARM.Collect$$libinit$$00000027) refers to argv_veneer.o(.emb_text) for __ARM_argv_veneer
    rtexit2.o(.ARM.Collect$$rtexit$$00000003) refers to libshutdown.o(.ARM.Collect$$libshutdown$$00000000) for __rt_lib_shutdown
    rtexit2.o(.ARM.Collect$$rtexit$$00000004) refers to sys_exit.o(.text) for _sys_exit
    rtexit2.o(.ARM.exidx) refers to rtexit2.o(.ARM.Collect$$rtexit$$00000001) for .ARM.Collect$$rtexit$$00000001
    rtexit2.o(.ARM.exidx) refers to rtexit2.o(.ARM.Collect$$rtexit$$00000003) for .ARM.Collect$$rtexit$$00000003
    rtexit2.o(.ARM.exidx) refers to rtexit2.o(.ARM.Collect$$rtexit$$00000004) for .ARM.Collect$$rtexit$$00000004
    argv_veneer.o(.emb_text) refers to no_argv.o(.text) for __ARM_get_argv
    sys_exit.o(.text) refers (Special) to use_no_semi.o(.text) for __I$use$semihosting
    sys_exit.o(.text) refers (Special) to indicate_semi.o(.text) for __semihosting_library_function
    _get_argv_nomalloc.o(.text) refers (Special) to hrguard.o(.text) for __heap_region$guard
    _get_argv_nomalloc.o(.text) refers to defsig_rtmem_outer.o(.text) for __rt_SIGRTMEM
    _get_argv_nomalloc.o(.text) refers to sys_command.o(.text) for _sys_command_string
    libshutdown.o(.ARM.Collect$$libshutdown$$00000000) refers (Special) to libshutdown2.o(.ARM.Collect$$libshutdown$$00000002) for __rt_lib_shutdown_cpp_1
    libshutdown.o(.ARM.Collect$$libshutdown$$00000000) refers (Special) to libshutdown2.o(.ARM.Collect$$libshutdown$$00000007) for __rt_lib_shutdown_fp_trap_1
    libshutdown.o(.ARM.Collect$$libshutdown$$00000000) refers (Special) to libshutdown2.o(.ARM.Collect$$libshutdown$$0000000F) for __rt_lib_shutdown_heap_1
    libshutdown.o(.ARM.Collect$$libshutdown$$00000000) refers (Special) to libshutdown2.o(.ARM.Collect$$libshutdown$$00000010) for __rt_lib_shutdown_return
    libshutdown.o(.ARM.Collect$$libshutdown$$00000000) refers (Special) to libshutdown2.o(.ARM.Collect$$libshutdown$$0000000A) for __rt_lib_shutdown_signal_1
    libshutdown.o(.ARM.Collect$$libshutdown$$00000000) refers (Special) to libshutdown2.o(.ARM.Collect$$libshutdown$$00000004) for __rt_lib_shutdown_stdio_1
    libshutdown.o(.ARM.Collect$$libshutdown$$00000000) refers (Special) to libshutdown2.o(.ARM.Collect$$libshutdown$$0000000C) for __rt_lib_shutdown_user_alloc_1
    sys_command.o(.text) refers (Special) to use_no_semi.o(.text) for __I$use$semihosting
    sys_command.o(.text) refers (Special) to indicate_semi.o(.text) for __semihosting_library_function
    defsig_rtmem_outer.o(.text) refers to defsig_rtmem_inner.o(.text) for __rt_SIGRTMEM_inner
    defsig_rtmem_outer.o(.text) refers to defsig_exit.o(.text) for __sig_exit
    defsig_rtmem_formal.o(.text) refers to rt_raise.o(.text) for __rt_raise
    rt_raise.o(.text) refers to __raise.o(.text) for __raise
    rt_raise.o(.text) refers to sys_exit.o(.text) for _sys_exit
    defsig_exit.o(.text) refers to sys_exit.o(.text) for _sys_exit
    defsig_rtmem_inner.o(.text) refers to defsig_general.o(.text) for __default_signal_display
    __raise.o(.text) refers to defsig.o(CL$$defsig) for __default_signal_handler
    defsig_general.o(.text) refers to sys_wrch.o(.text) for _ttywrch
    sys_wrch.o(.text) refers (Special) to use_no_semi.o(.text) for __I$use$semihosting
    sys_wrch.o(.text) refers (Special) to indicate_semi.o(.text) for __semihosting_library_function
    defsig.o(CL$$defsig) refers to defsig_rtmem_inner.o(.text) for __rt_SIGRTMEM_inner
    defsig_abrt_inner.o(.text) refers to defsig_general.o(.text) for __default_signal_display
    defsig_fpe_inner.o(.text) refers to defsig_general.o(.text) for __default_signal_display
    defsig_rtred_inner.o(.text) refers to defsig_general.o(.text) for __default_signal_display
    defsig_stak_inner.o(.text) refers to defsig_general.o(.text) for __default_signal_display
    defsig_pvfn_inner.o(.text) refers to defsig_general.o(.text) for __default_signal_display
    defsig_cppl_inner.o(.text) refers to defsig_general.o(.text) for __default_signal_display
    defsig_segv_inner.o(.text) refers to defsig_general.o(.text) for __default_signal_display
    defsig_other.o(.text) refers to defsig_general.o(.text) for __default_signal_display


==============================================================================

Removing Unused input sections from the image.

    Removing main.o(.rev16_text), (4 bytes).
    Removing main.o(.revsh_text), (4 bytes).
    Removing main.o(.rrx_text), (6 bytes).
    Removing spi.o(.rev16_text), (4 bytes).
    Removing spi.o(.revsh_text), (4 bytes).
    Removing spi.o(.rrx_text), (6 bytes).
    Removing sd.o(i.SD_erase), (60 bytes).
    Removing uart.o(.rev16_text), (4 bytes).
    Removing uart.o(.revsh_text), (4 bytes).
    Removing uart.o(.rrx_text), (6 bytes).
    Removing uart.o(i.UART0_Tx_num), (140 bytes).
    Removing system_tm4c123.o(.rev16_text), (4 bytes).
    Removing system_tm4c123.o(.revsh_text), (4 bytes).
    Removing system_tm4c123.o(.rrx_text), (6 bytes).
    Removing system_tm4c123.o(i.SystemCoreClockUpdate), (196 bytes).
    Removing system_tm4c123.o(i.getOscClk), (244 bytes).
    Removing system_tm4c123.o(.data), (4 bytes).

17 unused section(s) (total 700 bytes) removed from the image.

==============================================================================

Image Symbol Table

    Local Symbols

    Symbol Name                              Value     Ov Type        Size  Object(Section)

    RESET                                    0x00000000   Section      620  startup_tm4c123.o(RESET)
    ../clib/angel/boardlib.s                 0x00000000   Number         0  boardinit2.o ABSOLUTE
    ../clib/angel/boardlib.s                 0x00000000   Number         0  boardinit3.o ABSOLUTE
    ../clib/angel/boardlib.s                 0x00000000   Number         0  boardshut.o ABSOLUTE
    ../clib/angel/boardlib.s                 0x00000000   Number         0  boardinit1.o ABSOLUTE
    ../clib/angel/handlers.s                 0x00000000   Number         0  __scatter_zi.o ABSOLUTE
    ../clib/angel/handlers.s                 0x00000000   Number         0  __scatter_copy.o ABSOLUTE
    ../clib/angel/kernel.s                   0x00000000   Number         0  __rtentry4.o ABSOLUTE
    ../clib/angel/kernel.s                   0x00000000   Number         0  __rtentry2.o ABSOLUTE
    ../clib/angel/kernel.s                   0x00000000   Number         0  __rtentry.o ABSOLUTE
    ../clib/angel/kernel.s                   0x00000000   Number         0  rtexit2.o ABSOLUTE
    ../clib/angel/kernel.s                   0x00000000   Number         0  rtexit.o ABSOLUTE
    ../clib/angel/rt.s                       0x00000000   Number         0  rt_raise.o ABSOLUTE
    ../clib/angel/scatter.s                  0x00000000   Number         0  __scatter.o ABSOLUTE
    ../clib/angel/startup.s                  0x00000000   Number         0  __main.o ABSOLUTE
    ../clib/angel/sys.s                      0x00000000   Number         0  sys_stackheap_outer.o ABSOLUTE
    ../clib/angel/sys.s                      0x00000000   Number         0  libspace.o ABSOLUTE
    ../clib/angel/sys.s                      0x00000000   Number         0  use_no_semi.o ABSOLUTE
    ../clib/angel/sys.s                      0x00000000   Number         0  indicate_semi.o ABSOLUTE
    ../clib/angel/sysapp.c                   0x00000000   Number         0  sys_wrch.o ABSOLUTE
    ../clib/angel/sysapp.c                   0x00000000   Number         0  sys_exit.o ABSOLUTE
    ../clib/angel/sysapp.c                   0x00000000   Number         0  sys_command.o ABSOLUTE
    ../clib/armsys.c                         0x00000000   Number         0  _get_argv_nomalloc.o ABSOLUTE
    ../clib/armsys.c                         0x00000000   Number         0  no_argv.o ABSOLUTE
    ../clib/armsys.c                         0x00000000   Number         0  argv_veneer.o ABSOLUTE
    ../clib/armsys.c                         0x00000000   Number         0  argv_veneer.o ABSOLUTE
    ../clib/heapalloc.c                      0x00000000   Number         0  hrguard.o ABSOLUTE
    ../clib/heapaux.c                        0x00000000   Number         0  heapauxi.o ABSOLUTE
    ../clib/libinit.s                        0x00000000   Number         0  libshutdown.o ABSOLUTE
    ../clib/libinit.s                        0x00000000   Number         0  libinit.o ABSOLUTE
    ../clib/libinit.s                        0x00000000   Number         0  libinit2.o ABSOLUTE
    ../clib/libinit.s                        0x00000000   Number         0  libshutdown2.o ABSOLUTE
    ../clib/memcpset.s                       0x00000000   Number         0  strcmpv7m.o ABSOLUTE
    ../clib/memcpset.s                       0x00000000   Number         0  rt_memclr_w.o ABSOLUTE
    ../clib/printf.c                         0x00000000   Number         0  _printf_char.o ABSOLUTE
    ../clib/printf.c                         0x00000000   Number         0  _printf_intcommon.o ABSOLUTE
    ../clib/printf.c                         0x00000000   Number         0  _sputc.o ABSOLUTE
    ../clib/printf.c                         0x00000000   Number         0  _printf_char_common.o ABSOLUTE
    ../clib/printf.c                         0x00000000   Number         0  noretval__2sprintf.o ABSOLUTE
    ../clib/printf.c                         0x00000000   Number         0  __printf_flags_ss.o ABSOLUTE
    ../clib/printf.c                         0x00000000   Number         0  __printf_wp.o ABSOLUTE
    ../clib/printf.c                         0x00000000   Number         0  __2sprintf.o ABSOLUTE
    ../clib/printf.c                         0x00000000   Number         0  __printf_flags_wp.o ABSOLUTE
    ../clib/printf.c                         0x00000000   Number         0  __printf.o ABSOLUTE
    ../clib/printf.c                         0x00000000   Number         0  __printf_flags_ss_wp.o ABSOLUTE
    ../clib/printf.c                         0x00000000   Number         0  _printf_str.o ABSOLUTE
    ../clib/printf.c                         0x00000000   Number         0  __printf_nopercent.o ABSOLUTE
    ../clib/printf.c                         0x00000000   Number         0  _printf_dec.o ABSOLUTE
    ../clib/printf.c                         0x00000000   Number         0  __printf_ss_wp.o ABSOLUTE
    ../clib/printf.c                         0x00000000   Number         0  __printf_flags.o ABSOLUTE
    ../clib/printf.c                         0x00000000   Number         0  __printf_ss.o ABSOLUTE
    ../clib/printf_percent.s                 0x00000000   Number         0  _printf_percent_end.o ABSOLUTE
    ../clib/printf_percent.s                 0x00000000   Number         0  _printf_percent.o ABSOLUTE
    ../clib/printf_percent.s                 0x00000000   Number         0  _printf_u.o ABSOLUTE
    ../clib/printf_percent.s                 0x00000000   Number         0  _printf_d.o ABSOLUTE
    ../clib/printf_percent.s                 0x00000000   Number         0  _printf_s.o ABSOLUTE
    ../clib/signal.c                         0x00000000   Number         0  defsig_rtmem_outer.o ABSOLUTE
    ../clib/signal.c                         0x00000000   Number         0  defsig_other.o ABSOLUTE
    ../clib/signal.c                         0x00000000   Number         0  defsig_rtred_inner.o ABSOLUTE
    ../clib/signal.c                         0x00000000   Number         0  defsig_fpe_inner.o ABSOLUTE
    ../clib/signal.c                         0x00000000   Number         0  defsig_abrt_inner.o ABSOLUTE
    ../clib/signal.c                         0x00000000   Number         0  defsig_stak_inner.o ABSOLUTE
    ../clib/signal.c                         0x00000000   Number         0  defsig_pvfn_inner.o ABSOLUTE
    ../clib/signal.c                         0x00000000   Number         0  defsig_general.o ABSOLUTE
    ../clib/signal.c                         0x00000000   Number         0  __raise.o ABSOLUTE
    ../clib/signal.c                         0x00000000   Number         0  defsig_rtmem_inner.o ABSOLUTE
    ../clib/signal.c                         0x00000000   Number         0  defsig_exit.o ABSOLUTE
    ../clib/signal.c                         0x00000000   Number         0  defsig_cppl_inner.o ABSOLUTE
    ../clib/signal.c                         0x00000000   Number         0  defsig_segv_inner.o ABSOLUTE
    ../clib/signal.c                         0x00000000   Number         0  defsig_rtmem_formal.o ABSOLUTE
    ../clib/signal.s                         0x00000000   Number         0  defsig.o ABSOLUTE
    ../clib/stdlib.c                         0x00000000   Number         0  exit.o ABSOLUTE
    ../clib/string.c                         0x00000000   Number         0  strlen.o ABSOLUTE
    ../clib/string.c                         0x00000000   Number         0  strcpy.o ABSOLUTE
    ../fplib/fpinit.s                        0x00000000   Number         0  fpinit.o ABSOLUTE
    FAT32.c                                  0x00000000   Number         0  fat32.o ABSOLUTE
    RTE\Device\TM4C123GH6PM\startup_TM4C123.s 0x00000000   Number         0  startup_tm4c123.o ABSOLUTE
    RTE\Device\TM4C123GH6PM\system_TM4C123.c 0x00000000   Number         0  system_tm4c123.o ABSOLUTE
    RTE\\Device\\TM4C123GH6PM\\system_TM4C123.c 0x00000000   Number         0  system_tm4c123.o ABSOLUTE
    SD.c                                     0x00000000   Number         0  sd.o ABSOLUTE
    UART.c                                   0x00000000   Number         0  uart.o ABSOLUTE
    UART.c                                   0x00000000   Number         0  uart.o ABSOLUTE
    dc.s                                     0x00000000   Number         0  dc.o ABSOLUTE
    main.c                                   0x00000000   Number         0  main.o ABSOLUTE
    main.c                                   0x00000000   Number         0  main.o ABSOLUTE
    spi.c                                    0x00000000   Number         0  spi.o ABSOLUTE
    spi.c                                    0x00000000   Number         0  spi.o ABSOLUTE
    !!!main                                  0x0000026c   Section        8  __main.o(!!!main)
    !!!scatter                               0x00000274   Section       52  __scatter.o(!!!scatter)
    !!handler_copy                           0x000002a8   Section       26  __scatter_copy.o(!!handler_copy)
    !!handler_zi                             0x000002c4   Section       28  __scatter_zi.o(!!handler_zi)
    .ARM.Collect$$_printf_percent$$00000000  0x000002e0   Section        0  _printf_percent.o(.ARM.Collect$$_printf_percent$$00000000)
    .ARM.Collect$$_printf_percent$$00000009  0x000002e0   Section        6  _printf_d.o(.ARM.Collect$$_printf_percent$$00000009)
    .ARM.Collect$$_printf_percent$$0000000A  0x000002e6   Section        6  _printf_u.o(.ARM.Collect$$_printf_percent$$0000000A)
    .ARM.Collect$$_printf_percent$$00000014  0x000002ec   Section        6  _printf_s.o(.ARM.Collect$$_printf_percent$$00000014)
    .ARM.Collect$$_printf_percent$$00000017  0x000002f2   Section        4  _printf_percent_end.o(.ARM.Collect$$_printf_percent$$00000017)
    .ARM.Collect$$libinit$$00000000          0x000002f6   Section        2  libinit.o(.ARM.Collect$$libinit$$00000000)
    .ARM.Collect$$libinit$$00000001          0x000002f8   Section        4  libinit2.o(.ARM.Collect$$libinit$$00000001)
    .ARM.Collect$$libinit$$00000004          0x000002fc   Section        0  libinit2.o(.ARM.Collect$$libinit$$00000004)
    .ARM.Collect$$libinit$$0000000A          0x000002fc   Section        0  libinit2.o(.ARM.Collect$$libinit$$0000000A)
    .ARM.Collect$$libinit$$0000000C          0x000002fc   Section        0  libinit2.o(.ARM.Collect$$libinit$$0000000C)
    .ARM.Collect$$libinit$$0000000E          0x000002fc   Section        0  libinit2.o(.ARM.Collect$$libinit$$0000000E)
    .ARM.Collect$$libinit$$00000011          0x000002fc   Section        0  libinit2.o(.ARM.Collect$$libinit$$00000011)
    .ARM.Collect$$libinit$$00000013          0x000002fc   Section        0  libinit2.o(.ARM.Collect$$libinit$$00000013)
    .ARM.Collect$$libinit$$00000015          0x000002fc   Section        0  libinit2.o(.ARM.Collect$$libinit$$00000015)
    .ARM.Collect$$libinit$$00000017          0x000002fc   Section        0  libinit2.o(.ARM.Collect$$libinit$$00000017)
    .ARM.Collect$$libinit$$00000019          0x000002fc   Section        0  libinit2.o(.ARM.Collect$$libinit$$00000019)
    .ARM.Collect$$libinit$$0000001B          0x000002fc   Section        0  libinit2.o(.ARM.Collect$$libinit$$0000001B)
    .ARM.Collect$$libinit$$0000001D          0x000002fc   Section        0  libinit2.o(.ARM.Collect$$libinit$$0000001D)
    .ARM.Collect$$libinit$$0000001F          0x000002fc   Section        0  libinit2.o(.ARM.Collect$$libinit$$0000001F)
    .ARM.Collect$$libinit$$00000021          0x000002fc   Section        0  libinit2.o(.ARM.Collect$$libinit$$00000021)
    .ARM.Collect$$libinit$$00000023          0x000002fc   Section        0  libinit2.o(.ARM.Collect$$libinit$$00000023)
    .ARM.Collect$$libinit$$00000025          0x000002fc   Section        0  libinit2.o(.ARM.Collect$$libinit$$00000025)
    .ARM.Collect$$libinit$$0000002C          0x000002fc   Section        0  libinit2.o(.ARM.Collect$$libinit$$0000002C)
    .ARM.Collect$$libinit$$0000002E          0x000002fc   Section        0  libinit2.o(.ARM.Collect$$libinit$$0000002E)
    .ARM.Collect$$libinit$$00000030          0x000002fc   Section        0  libinit2.o(.ARM.Collect$$libinit$$00000030)
    .ARM.Collect$$libinit$$00000032          0x000002fc   Section        0  libinit2.o(.ARM.Collect$$libinit$$00000032)
    .ARM.Collect$$libinit$$00000033          0x000002fc   Section        2  libinit2.o(.ARM.Collect$$libinit$$00000033)
    .ARM.Collect$$libshutdown$$00000000      0x000002fe   Section        2  libshutdown.o(.ARM.Collect$$libshutdown$$00000000)
    .ARM.Collect$$libshutdown$$00000002      0x00000300   Section        0  libshutdown2.o(.ARM.Collect$$libshutdown$$00000002)
    .ARM.Collect$$libshutdown$$00000004      0x00000300   Section        0  libshutdown2.o(.ARM.Collect$$libshutdown$$00000004)
    .ARM.Collect$$libshutdown$$00000007      0x00000300   Section        0  libshutdown2.o(.ARM.Collect$$libshutdown$$00000007)
    .ARM.Collect$$libshutdown$$0000000A      0x00000300   Section        0  libshutdown2.o(.ARM.Collect$$libshutdown$$0000000A)
    .ARM.Collect$$libshutdown$$0000000C      0x00000300   Section        0  libshutdown2.o(.ARM.Collect$$libshutdown$$0000000C)
    .ARM.Collect$$libshutdown$$0000000F      0x00000300   Section        0  libshutdown2.o(.ARM.Collect$$libshutdown$$0000000F)
    .ARM.Collect$$libshutdown$$00000010      0x00000300   Section        2  libshutdown2.o(.ARM.Collect$$libshutdown$$00000010)
    .ARM.Collect$$rtentry$$00000000          0x00000302   Section        0  __rtentry.o(.ARM.Collect$$rtentry$$00000000)
    .ARM.Collect$$rtentry$$00000002          0x00000302   Section        0  __rtentry2.o(.ARM.Collect$$rtentry$$00000002)
    .ARM.Collect$$rtentry$$00000004          0x00000302   Section        6  __rtentry4.o(.ARM.Collect$$rtentry$$00000004)
    .ARM.Collect$$rtentry$$00000009          0x00000308   Section        0  __rtentry2.o(.ARM.Collect$$rtentry$$00000009)
    .ARM.Collect$$rtentry$$0000000A          0x00000308   Section        4  __rtentry2.o(.ARM.Collect$$rtentry$$0000000A)
    .ARM.Collect$$rtentry$$0000000C          0x0000030c   Section        0  __rtentry2.o(.ARM.Collect$$rtentry$$0000000C)
    .ARM.Collect$$rtentry$$0000000D          0x0000030c   Section        8  __rtentry2.o(.ARM.Collect$$rtentry$$0000000D)
    .ARM.Collect$$rtexit$$00000000           0x00000314   Section        2  rtexit.o(.ARM.Collect$$rtexit$$00000000)
    .ARM.Collect$$rtexit$$00000002           0x00000316   Section        0  rtexit2.o(.ARM.Collect$$rtexit$$00000002)
    .ARM.Collect$$rtexit$$00000003           0x00000316   Section        4  rtexit2.o(.ARM.Collect$$rtexit$$00000003)
    .ARM.Collect$$rtexit$$00000004           0x0000031a   Section        6  rtexit2.o(.ARM.Collect$$rtexit$$00000004)
    .text                                    0x00000320   Section      276  startup_tm4c123.o(.text)
    $v0                                      0x00000320   Number         0  startup_tm4c123.o(.text)
    .text                                    0x00000434   Section        0  noretval__2sprintf.o(.text)
    .text                                    0x0000045c   Section        0  __printf.o(.text)
    .text                                    0x000004c4   Section        0  _printf_str.o(.text)
    .text                                    0x00000518   Section        0  _printf_dec.o(.text)
    .text                                    0x00000590   Section        0  strcpy.o(.text)
    .text                                    0x000005d8   Section       78  rt_memclr_w.o(.text)
    .text                                    0x00000628   Section      128  strcmpv7m.o(.text)
    .text                                    0x000006a8   Section        0  heapauxi.o(.text)
    .text                                    0x000006ae   Section        0  _printf_intcommon.o(.text)
    .text                                    0x00000760   Section        0  _printf_char_common.o(.text)
    _printf_input_char                       0x00000761   Thumb Code    10  _printf_char_common.o(.text)
    .text                                    0x00000790   Section        0  _sputc.o(.text)
    .text                                    0x0000079a   Section        0  _printf_char.o(.text)
    .text                                    0x000007c6   Section       74  sys_stackheap_outer.o(.text)
    .text                                    0x00000810   Section        0  exit.o(.text)
    .text                                    0x00000824   Section        8  libspace.o(.text)
    .text                                    0x0000082c   Section        0  sys_exit.o(.text)
    .text                                    0x00000838   Section        2  use_no_semi.o(.text)
    .text                                    0x0000083a   Section        0  indicate_semi.o(.text)
    i.FILE_Close                             0x0000083a   Section        0  fat32.o(i.FILE_Close)
    i.FILE_Delete                            0x00000844   Section        0  fat32.o(i.FILE_Delete)
    i.FILE_GetCh                             0x000008b0   Section        0  fat32.o(i.FILE_GetCh)
    i.FILE_GetList                           0x00000934   Section        0  fat32.o(i.FILE_GetList)
    i.FILE_GetMemoryStatics                  0x00000a8c   Section        0  fat32.o(i.FILE_GetMemoryStatics)
    i.FILE_Open                              0x00000b70   Section        0  fat32.o(i.FILE_Open)
    i.FILE_PutCh                             0x00000d34   Section        0  fat32.o(i.FILE_PutCh)
    i.SD_Init                                0x00000ff4   Section        0  sd.o(i.SD_Init)
    i.SD_readSingleBlock                     0x0000101e   Section        0  sd.o(i.SD_readSingleBlock)
    i.SD_sendCommand                         0x00001090   Section        0  sd.o(i.SD_sendCommand)
    i.SD_writeSingleBlock                    0x00001158   Section        0  sd.o(i.SD_writeSingleBlock)
    i.SPI_DisableChipSelect                  0x0000120c   Section        0  spi.o(i.SPI_DisableChipSelect)
    i.SPI_EnableChipSelect                   0x00001224   Section        0  spi.o(i.SPI_EnableChipSelect)
    i.SSI_Read                               0x0000123c   Section        0  spi.o(i.SSI_Read)
    i.SSI_Write                              0x0000126c   Section        0  spi.o(i.SSI_Write)
    i.SystemInit                             0x00001298   Section        0  system_tm4c123.o(i.SystemInit)
    i.UART0_RxChar                           0x00001330   Section        0  uart.o(i.UART0_RxChar)
    i.UART0_RxString                         0x0000134c   Section        0  uart.o(i.UART0_RxString)
    i.UART0_Tx                               0x0000138c   Section        0  uart.o(i.UART0_Tx)
    i.UART0_str                              0x000013a4   Section        0  uart.o(i.UART0_str)
    i.convertFileName                        0x000013ba   Section        0  fat32.o(i.convertFileName)
    i.deletefile                             0x00001464   Section        0  fat32.o(i.deletefile)
    i.extract_DataBySize                     0x00001574   Section        0  fat32.o(i.extract_DataBySize)
    i.file_GetDate                           0x00001592   Section        0  fat32.o(i.file_GetDate)
    i.file_GetTime                           0x000015ac   Section        0  fat32.o(i.file_GetTime)
    i.freeMemoryUpdate                       0x000015c8   Section        0  fat32.o(i.freeMemoryUpdate)
    i.getBootSectorData                      0x00001624   Section        0  fat32.o(i.getBootSectorData)
    i.getFirstSector                         0x00001750   Section        0  fat32.o(i.getFirstSector)
    i.getSetFreeCluster                      0x0000176c   Section        0  fat32.o(i.getSetFreeCluster)
    i.getSetNextCluster                      0x000017ec   Section        0  fat32.o(i.getSetNextCluster)
    i.init_SSI0                              0x00001870   Section        0  spi.o(i.init_SSI0)
    i.init_SdCard                            0x0000196c   Section        0  sd.o(i.init_SdCard)
    i.init_UART0                             0x00001a58   Section        0  uart.o(i.init_UART0)
    i.init_UART1                             0x00001adc   Section        0  uart.o(i.init_UART1)
    i.main                                   0x00001b60   Section        0  main.o(i.main)
    i.openFile                               0x00002210   Section        0  fat32.o(i.openFile)
    i.searchNextFreeCluster                  0x0000231c   Section        0  fat32.o(i.searchNextFreeCluster)
    x$fpl$fpinit                             0x0000238c   Section       10  fpinit.o(x$fpl$fpinit)
    $v0                                      0x0000238c   Number         0  fpinit.o(x$fpl$fpinit)
    .conststring                             0x00002398   Section      301  main.o(.conststring)
    .data                                    0x20000000   Section        8  sd.o(.data)
    .data                                    0x20000008   Section       42  fat32.o(.data)
    clusterNumber                            0x20000024   Data           4  fat32.o(.data)
    sectorNumber                             0x20000028   Data           4  fat32.o(.data)
    firstSectorIndex                         0x2000002c   Data           4  fat32.o(.data)
    i                                        0x20000030   Data           2  fat32.o(.data)
    .bss                                     0x20000034   Section     1664  fat32.o(.bss)
    .bss                                     0x200006b4   Section       96  libspace.o(.bss)
    HEAP                                     0x20000718   Section        0  startup_tm4c123.o(HEAP)
    STACK                                    0x20000718   Section      512  startup_tm4c123.o(STACK)
    Heap_Mem                                 0x20000718   Data           0  startup_tm4c123.o(HEAP)
    Stack_Mem                                0x20000718   Data         512  startup_tm4c123.o(STACK)
    __initial_sp                             0x20000918   Data           0  startup_tm4c123.o(STACK)

    Global Symbols

    Symbol Name                              Value     Ov Type        Size  Object(Section)

    BuildAttributes$$THM_ISAv4$E$P$D$K$B$S$7EM$VFPi3$EXTD16$VFPS$VFMA$PE$A:L22UL41UL21$X:L11$S22US41US21$IEEE1$IW$USESV6$~STKCKD$USESV7$~SHL$OSPACE$ROPI$EBA8$UX$STANDARDLIB$REQ8$PRES8$EABIv2 0x00000000   Number         0  anon$$obj.o ABSOLUTE
    __ARM_use_no_argv                        0x00000000   Number         0  main.o ABSOLUTE
    __Vectors                                0x00000000   Data           4  startup_tm4c123.o(RESET)
    __ARM_exceptions_init                     - Undefined Weak Reference
    __alloca_initialize                       - Undefined Weak Reference
    __arm_preinit_                            - Undefined Weak Reference
    __cpp_initialize__aeabi_                  - Undefined Weak Reference
    __cxa_finalize                            - Undefined Weak Reference
    __rt_locale                               - Undefined Weak Reference
    __sigvec_lookup                           - Undefined Weak Reference
    _atexit_init                              - Undefined Weak Reference
    _call_atexit_fns                          - Undefined Weak Reference
    _clock_init                               - Undefined Weak Reference
    _fp_trap_init                             - Undefined Weak Reference
    _fp_trap_shutdown                         - Undefined Weak Reference
    _get_lc_collate                           - Undefined Weak Reference
    _get_lc_ctype                             - Undefined Weak Reference
    _get_lc_monetary                          - Undefined Weak Reference
    _get_lc_numeric                           - Undefined Weak Reference
    _get_lc_time                              - Undefined Weak Reference
    _getenv_init                              - Undefined Weak Reference
    _handle_redirection                       - Undefined Weak Reference
    _init_alloc                               - Undefined Weak Reference
    _init_user_alloc                          - Undefined Weak Reference
    _initio                                   - Undefined Weak Reference
    _printf_mbtowc                            - Undefined Weak Reference
    _printf_post_padding                      - Undefined Weak Reference
    _printf_pre_padding                       - Undefined Weak Reference
    _printf_truncate_signed                   - Undefined Weak Reference
    _printf_truncate_unsigned                 - Undefined Weak Reference
    _rand_init                                - Undefined Weak Reference
    _signal_finish                            - Undefined Weak Reference
    _signal_init                              - Undefined Weak Reference
    _terminate_alloc                          - Undefined Weak Reference
    _terminate_user_alloc                     - Undefined Weak Reference
    _terminateio                              - Undefined Weak Reference
    __Vectors_End                            0x0000026c   Data           0  startup_tm4c123.o(RESET)
    __Vectors_Size                           0x0000026c   Number         0  startup_tm4c123.o ABSOLUTE
    __main                                   0x0000026d   Thumb Code     8  __main.o(!!!main)
    __scatterload                            0x00000275   Thumb Code     0  __scatter.o(!!!scatter)
    __scatterload_rt2                        0x00000275   Thumb Code    44  __scatter.o(!!!scatter)
    __scatterload_rt2_thumb_only             0x00000275   Thumb Code     0  __scatter.o(!!!scatter)
    __scatterload_null                       0x00000283   Thumb Code     0  __scatter.o(!!!scatter)
    __scatterload_copy                       0x000002a9   Thumb Code    26  __scatter_copy.o(!!handler_copy)
    __scatterload_zeroinit                   0x000002c5   Thumb Code    28  __scatter_zi.o(!!handler_zi)
    _printf_d                                0x000002e1   Thumb Code     0  _printf_d.o(.ARM.Collect$$_printf_percent$$00000009)
    _printf_percent                          0x000002e1   Thumb Code     0  _printf_percent.o(.ARM.Collect$$_printf_percent$$00000000)
    _printf_u                                0x000002e7   Thumb Code     0  _printf_u.o(.ARM.Collect$$_printf_percent$$0000000A)
    _printf_s                                0x000002ed   Thumb Code     0  _printf_s.o(.ARM.Collect$$_printf_percent$$00000014)
    _printf_percent_end                      0x000002f3   Thumb Code     0  _printf_percent_end.o(.ARM.Collect$$_printf_percent$$00000017)
    __rt_lib_init                            0x000002f7   Thumb Code     0  libinit.o(.ARM.Collect$$libinit$$00000000)
    __rt_lib_init_fp_1                       0x000002f9   Thumb Code     0  libinit2.o(.ARM.Collect$$libinit$$00000001)
    __rt_lib_init_alloca_1                   0x000002fd   Thumb Code     0  libinit2.o(.ARM.Collect$$libinit$$0000002E)
    __rt_lib_init_argv_1                     0x000002fd   Thumb Code     0  libinit2.o(.ARM.Collect$$libinit$$0000002C)
    __rt_lib_init_atexit_1                   0x000002fd   Thumb Code     0  libinit2.o(.ARM.Collect$$libinit$$0000001B)
    __rt_lib_init_clock_1                    0x000002fd   Thumb Code     0  libinit2.o(.ARM.Collect$$libinit$$00000021)
    __rt_lib_init_cpp_1                      0x000002fd   Thumb Code     0  libinit2.o(.ARM.Collect$$libinit$$00000032)
    __rt_lib_init_exceptions_1               0x000002fd   Thumb Code     0  libinit2.o(.ARM.Collect$$libinit$$00000030)
    __rt_lib_init_fp_trap_1                  0x000002fd   Thumb Code     0  libinit2.o(.ARM.Collect$$libinit$$0000001F)
    __rt_lib_init_getenv_1                   0x000002fd   Thumb Code     0  libinit2.o(.ARM.Collect$$libinit$$00000023)
    __rt_lib_init_heap_1                     0x000002fd   Thumb Code     0  libinit2.o(.ARM.Collect$$libinit$$0000000A)
    __rt_lib_init_lc_collate_1               0x000002fd   Thumb Code     0  libinit2.o(.ARM.Collect$$libinit$$00000011)
    __rt_lib_init_lc_ctype_1                 0x000002fd   Thumb Code     0  libinit2.o(.ARM.Collect$$libinit$$00000013)
    __rt_lib_init_lc_monetary_1              0x000002fd   Thumb Code     0  libinit2.o(.ARM.Collect$$libinit$$00000015)
    __rt_lib_init_lc_numeric_1               0x000002fd   Thumb Code     0  libinit2.o(.ARM.Collect$$libinit$$00000017)
    __rt_lib_init_lc_time_1                  0x000002fd   Thumb Code     0  libinit2.o(.ARM.Collect$$libinit$$00000019)
    __rt_lib_init_preinit_1                  0x000002fd   Thumb Code     0  libinit2.o(.ARM.Collect$$libinit$$00000004)
    __rt_lib_init_rand_1                     0x000002fd   Thumb Code     0  libinit2.o(.ARM.Collect$$libinit$$0000000E)
    __rt_lib_init_return                     0x000002fd   Thumb Code     0  libinit2.o(.ARM.Collect$$libinit$$00000033)
    __rt_lib_init_signal_1                   0x000002fd   Thumb Code     0  libinit2.o(.ARM.Collect$$libinit$$0000001D)
    __rt_lib_init_stdio_1                    0x000002fd   Thumb Code     0  libinit2.o(.ARM.Collect$$libinit$$00000025)
    __rt_lib_init_user_alloc_1               0x000002fd   Thumb Code     0  libinit2.o(.ARM.Collect$$libinit$$0000000C)
    __rt_lib_shutdown                        0x000002ff   Thumb Code     0  libshutdown.o(.ARM.Collect$$libshutdown$$00000000)
    __rt_lib_shutdown_cpp_1                  0x00000301   Thumb Code     0  libshutdown2.o(.ARM.Collect$$libshutdown$$00000002)
    __rt_lib_shutdown_fp_trap_1              0x00000301   Thumb Code     0  libshutdown2.o(.ARM.Collect$$libshutdown$$00000007)
    __rt_lib_shutdown_heap_1                 0x00000301   Thumb Code     0  libshutdown2.o(.ARM.Collect$$libshutdown$$0000000F)
    __rt_lib_shutdown_return                 0x00000301   Thumb Code     0  libshutdown2.o(.ARM.Collect$$libshutdown$$00000010)
    __rt_lib_shutdown_signal_1               0x00000301   Thumb Code     0  libshutdown2.o(.ARM.Collect$$libshutdown$$0000000A)
    __rt_lib_shutdown_stdio_1                0x00000301   Thumb Code     0  libshutdown2.o(.ARM.Collect$$libshutdown$$00000004)
    __rt_lib_shutdown_user_alloc_1           0x00000301   Thumb Code     0  libshutdown2.o(.ARM.Collect$$libshutdown$$0000000C)
    __rt_entry                               0x00000303   Thumb Code     0  __rtentry.o(.ARM.Collect$$rtentry$$00000000)
    __rt_entry_presh_1                       0x00000303   Thumb Code     0  __rtentry2.o(.ARM.Collect$$rtentry$$00000002)
    __rt_entry_sh                            0x00000303   Thumb Code     0  __rtentry4.o(.ARM.Collect$$rtentry$$00000004)
    __rt_entry_li                            0x00000309   Thumb Code     0  __rtentry2.o(.ARM.Collect$$rtentry$$0000000A)
    __rt_entry_postsh_1                      0x00000309   Thumb Code     0  __rtentry2.o(.ARM.Collect$$rtentry$$00000009)
    __rt_entry_main                          0x0000030d   Thumb Code     0  __rtentry2.o(.ARM.Collect$$rtentry$$0000000D)
    __rt_entry_postli_1                      0x0000030d   Thumb Code     0  __rtentry2.o(.ARM.Collect$$rtentry$$0000000C)
    __rt_exit                                0x00000315   Thumb Code     0  rtexit.o(.ARM.Collect$$rtexit$$00000000)
    __rt_exit_ls                             0x00000317   Thumb Code     0  rtexit2.o(.ARM.Collect$$rtexit$$00000003)
    __rt_exit_prels_1                        0x00000317   Thumb Code     0  rtexit2.o(.ARM.Collect$$rtexit$$00000002)
    __rt_exit_exit                           0x0000031b   Thumb Code     0  rtexit2.o(.ARM.Collect$$rtexit$$00000004)
    Reset_Handler                            0x00000321   Thumb Code     8  startup_tm4c123.o(.text)
    NMI_Handler                              0x00000329   Thumb Code     2  startup_tm4c123.o(.text)
    HardFault_Handler                        0x0000032b   Thumb Code     2  startup_tm4c123.o(.text)
    MemManage_Handler                        0x0000032d   Thumb Code     2  startup_tm4c123.o(.text)
    BusFault_Handler                         0x0000032f   Thumb Code     2  startup_tm4c123.o(.text)
    UsageFault_Handler                       0x00000331   Thumb Code     2  startup_tm4c123.o(.text)
    SVC_Handler                              0x00000333   Thumb Code     2  startup_tm4c123.o(.text)
    DebugMon_Handler                         0x00000335   Thumb Code     2  startup_tm4c123.o(.text)
    PendSV_Handler                           0x00000337   Thumb Code     2  startup_tm4c123.o(.text)
    SysTick_Handler                          0x00000339   Thumb Code     2  startup_tm4c123.o(.text)
    GPIOA_Handler                            0x0000033b   Thumb Code     2  startup_tm4c123.o(.text)
    GPIOB_Handler                            0x0000033d   Thumb Code     2  startup_tm4c123.o(.text)
    GPIOC_Handler                            0x0000033f   Thumb Code     2  startup_tm4c123.o(.text)
    GPIOD_Handler                            0x00000341   Thumb Code     2  startup_tm4c123.o(.text)
    GPIOE_Handler                            0x00000343   Thumb Code     2  startup_tm4c123.o(.text)
    UART0_Handler                            0x00000345   Thumb Code     2  startup_tm4c123.o(.text)
    UART1_Handler                            0x00000347   Thumb Code     2  startup_tm4c123.o(.text)
    SSI0_Handler                             0x00000349   Thumb Code     2  startup_tm4c123.o(.text)
    I2C0_Handler                             0x0000034b   Thumb Code     2  startup_tm4c123.o(.text)
    PMW0_FAULT_Handler                       0x0000034d   Thumb Code     2  startup_tm4c123.o(.text)
    PWM0_0_Handler                           0x0000034f   Thumb Code     2  startup_tm4c123.o(.text)
    PWM0_1_Handler                           0x00000351   Thumb Code     2  startup_tm4c123.o(.text)
    PWM0_2_Handler                           0x00000353   Thumb Code     2  startup_tm4c123.o(.text)
    QEI0_Handler                             0x00000355   Thumb Code     2  startup_tm4c123.o(.text)
    ADC0SS0_Handler                          0x00000357   Thumb Code     2  startup_tm4c123.o(.text)
    ADC0SS1_Handler                          0x00000359   Thumb Code     2  startup_tm4c123.o(.text)
    ADC0SS2_Handler                          0x0000035b   Thumb Code     2  startup_tm4c123.o(.text)
    ADC0SS3_Handler                          0x0000035d   Thumb Code     2  startup_tm4c123.o(.text)
    WDT0_Handler                             0x0000035f   Thumb Code     2  startup_tm4c123.o(.text)
    TIMER0A_Handler                          0x00000361   Thumb Code     2  startup_tm4c123.o(.text)
    TIMER0B_Handler                          0x00000363   Thumb Code     2  startup_tm4c123.o(.text)
    TIMER1A_Handler                          0x00000365   Thumb Code     2  startup_tm4c123.o(.text)
    TIMER1B_Handler                          0x00000367   Thumb Code     2  startup_tm4c123.o(.text)
    TIMER2A_Handler                          0x00000369   Thumb Code     2  startup_tm4c123.o(.text)
    TIMER2B_Handler                          0x0000036b   Thumb Code     2  startup_tm4c123.o(.text)
    COMP0_Handler                            0x0000036d   Thumb Code     2  startup_tm4c123.o(.text)
    COMP1_Handler                            0x0000036f   Thumb Code     2  startup_tm4c123.o(.text)
    COMP2_Handler                            0x00000371   Thumb Code     2  startup_tm4c123.o(.text)
    SYSCTL_Handler                           0x00000373   Thumb Code     2  startup_tm4c123.o(.text)
    FLASH_Handler                            0x00000375   Thumb Code     2  startup_tm4c123.o(.text)
    GPIOF_Handler                            0x00000377   Thumb Code     2  startup_tm4c123.o(.text)
    GPIOG_Handler                            0x00000379   Thumb Code     2  startup_tm4c123.o(.text)
    GPIOH_Handler                            0x0000037b   Thumb Code     2  startup_tm4c123.o(.text)
    UART2_Handler                            0x0000037d   Thumb Code     2  startup_tm4c123.o(.text)
    SSI1_Handler                             0x0000037f   Thumb Code     2  startup_tm4c123.o(.text)
    TIMER3A_Handler                          0x00000381   Thumb Code     2  startup_tm4c123.o(.text)
    TIMER3B_Handler                          0x00000383   Thumb Code     2  startup_tm4c123.o(.text)
    I2C1_Handler                             0x00000385   Thumb Code     2  startup_tm4c123.o(.text)
    QEI1_Handler                             0x00000387   Thumb Code     2  startup_tm4c123.o(.text)
    CAN0_Handler                             0x00000389   Thumb Code     2  startup_tm4c123.o(.text)
    CAN1_Handler                             0x0000038b   Thumb Code     2  startup_tm4c123.o(.text)
    CAN2_Handler                             0x0000038d   Thumb Code     2  startup_tm4c123.o(.text)
    HIB_Handler                              0x0000038f   Thumb Code     2  startup_tm4c123.o(.text)
    USB0_Handler                             0x00000391   Thumb Code     2  startup_tm4c123.o(.text)
    PWM0_3_Handler                           0x00000393   Thumb Code     2  startup_tm4c123.o(.text)
    UDMA_Handler                             0x00000395   Thumb Code     2  startup_tm4c123.o(.text)
    UDMAERR_Handler                          0x00000397   Thumb Code     2  startup_tm4c123.o(.text)
    ADC1SS0_Handler                          0x00000399   Thumb Code     2  startup_tm4c123.o(.text)
    ADC1SS1_Handler                          0x0000039b   Thumb Code     2  startup_tm4c123.o(.text)
    ADC1SS2_Handler                          0x0000039d   Thumb Code     2  startup_tm4c123.o(.text)
    ADC1SS3_Handler                          0x0000039f   Thumb Code     2  startup_tm4c123.o(.text)
    GPIOJ_Handler                            0x000003a1   Thumb Code     2  startup_tm4c123.o(.text)
    GPIOK_Handler                            0x000003a3   Thumb Code     2  startup_tm4c123.o(.text)
    GPIOL_Handler                            0x000003a5   Thumb Code     2  startup_tm4c123.o(.text)
    SSI2_Handler                             0x000003a7   Thumb Code     2  startup_tm4c123.o(.text)
    SSI3_Handler                             0x000003a9   Thumb Code     2  startup_tm4c123.o(.text)
    UART3_Handler                            0x000003ab   Thumb Code     2  startup_tm4c123.o(.text)
    UART4_Handler                            0x000003ad   Thumb Code     2  startup_tm4c123.o(.text)
    UART5_Handler                            0x000003af   Thumb Code     2  startup_tm4c123.o(.text)
    UART6_Handler                            0x000003b1   Thumb Code     2  startup_tm4c123.o(.text)
    UART7_Handler                            0x000003b3   Thumb Code     2  startup_tm4c123.o(.text)
    I2C2_Handler                             0x000003b5   Thumb Code     2  startup_tm4c123.o(.text)
    I2C3_Handler                             0x000003b7   Thumb Code     2  startup_tm4c123.o(.text)
    TIMER4A_Handler                          0x000003b9   Thumb Code     2  startup_tm4c123.o(.text)
    TIMER4B_Handler                          0x000003bb   Thumb Code     2  startup_tm4c123.o(.text)
    TIMER5A_Handler                          0x000003bd   Thumb Code     2  startup_tm4c123.o(.text)
    TIMER5B_Handler                          0x000003bf   Thumb Code     2  startup_tm4c123.o(.text)
    WTIMER0A_Handler                         0x000003c1   Thumb Code     2  startup_tm4c123.o(.text)
    WTIMER0B_Handler                         0x000003c3   Thumb Code     2  startup_tm4c123.o(.text)
    WTIMER1A_Handler                         0x000003c5   Thumb Code     2  startup_tm4c123.o(.text)
    WTIMER1B_Handler                         0x000003c7   Thumb Code     2  startup_tm4c123.o(.text)
    WTIMER2A_Handler                         0x000003c9   Thumb Code     2  startup_tm4c123.o(.text)
    WTIMER2B_Handler                         0x000003cb   Thumb Code     2  startup_tm4c123.o(.text)
    WTIMER3A_Handler                         0x000003cd   Thumb Code     2  startup_tm4c123.o(.text)
    WTIMER3B_Handler                         0x000003cf   Thumb Code     2  startup_tm4c123.o(.text)
    WTIMER4A_Handler                         0x000003d1   Thumb Code     2  startup_tm4c123.o(.text)
    WTIMER4B_Handler                         0x000003d3   Thumb Code     2  startup_tm4c123.o(.text)
    WTIMER5A_Handler                         0x000003d5   Thumb Code     2  startup_tm4c123.o(.text)
    WTIMER5B_Handler                         0x000003d7   Thumb Code     2  startup_tm4c123.o(.text)
    FPU_Handler                              0x000003d9   Thumb Code     2  startup_tm4c123.o(.text)
    I2C4_Handler                             0x000003db   Thumb Code     2  startup_tm4c123.o(.text)
    I2C5_Handler                             0x000003dd   Thumb Code     2  startup_tm4c123.o(.text)
    GPIOM_Handler                            0x000003df   Thumb Code     2  startup_tm4c123.o(.text)
    GPION_Handler                            0x000003e1   Thumb Code     2  startup_tm4c123.o(.text)
    QEI2_Handler                             0x000003e3   Thumb Code     2  startup_tm4c123.o(.text)
    GPIOP0_Handler                           0x000003e5   Thumb Code     2  startup_tm4c123.o(.text)
    GPIOP1_Handler                           0x000003e7   Thumb Code     2  startup_tm4c123.o(.text)
    GPIOP2_Handler                           0x000003e9   Thumb Code     2  startup_tm4c123.o(.text)
    GPIOP3_Handler                           0x000003eb   Thumb Code     2  startup_tm4c123.o(.text)
    GPIOP4_Handler                           0x000003ed   Thumb Code     2  startup_tm4c123.o(.text)
    GPIOP5_Handler                           0x000003ef   Thumb Code     2  startup_tm4c123.o(.text)
    GPIOP6_Handler                           0x000003f1   Thumb Code     2  startup_tm4c123.o(.text)
    GPIOP7_Handler                           0x000003f3   Thumb Code     2  startup_tm4c123.o(.text)
    GPIOQ0_Handler                           0x000003f5   Thumb Code     2  startup_tm4c123.o(.text)
    GPIOQ1_Handler                           0x000003f7   Thumb Code     2  startup_tm4c123.o(.text)
    GPIOQ2_Handler                           0x000003f9   Thumb Code     2  startup_tm4c123.o(.text)
    GPIOQ3_Handler                           0x000003fb   Thumb Code     2  startup_tm4c123.o(.text)
    GPIOQ4_Handler                           0x000003fd   Thumb Code     2  startup_tm4c123.o(.text)
    GPIOQ5_Handler                           0x000003ff   Thumb Code     2  startup_tm4c123.o(.text)
    GPIOQ6_Handler                           0x00000401   Thumb Code     2  startup_tm4c123.o(.text)
    GPIOQ7_Handler                           0x00000403   Thumb Code     2  startup_tm4c123.o(.text)
    GPIOR_Handler                            0x00000405   Thumb Code     2  startup_tm4c123.o(.text)
    GPIOS_Handler                            0x00000407   Thumb Code     2  startup_tm4c123.o(.text)
    PMW1_0_Handler                           0x00000409   Thumb Code     2  startup_tm4c123.o(.text)
    PWM1_1_Handler                           0x0000040b   Thumb Code     2  startup_tm4c123.o(.text)
    PWM1_2_Handler                           0x0000040d   Thumb Code     2  startup_tm4c123.o(.text)
    PWM1_3_Handler                           0x0000040f   Thumb Code     2  startup_tm4c123.o(.text)
    PWM1_FAULT_Handler                       0x00000411   Thumb Code     2  startup_tm4c123.o(.text)
    __user_initial_stackheap                 0x00000415   Thumb Code     0  startup_tm4c123.o(.text)
    __2sprintf                               0x00000435   Thumb Code    34  noretval__2sprintf.o(.text)
    __printf                                 0x0000045d   Thumb Code   104  __printf.o(.text)
    _printf_str                              0x000004c5   Thumb Code    82  _printf_str.o(.text)
    _printf_int_dec                          0x00000519   Thumb Code   104  _printf_dec.o(.text)
    strcpy                                   0x00000591   Thumb Code    72  strcpy.o(.text)
    __aeabi_memclr4                          0x000005d9   Thumb Code     0  rt_memclr_w.o(.text)
    __aeabi_memclr8                          0x000005d9   Thumb Code     0  rt_memclr_w.o(.text)
    __rt_memclr_w                            0x000005d9   Thumb Code    78  rt_memclr_w.o(.text)
    _memset_w                                0x000005dd   Thumb Code     0  rt_memclr_w.o(.text)
    strcmp                                   0x00000629   Thumb Code   128  strcmpv7m.o(.text)
    __use_two_region_memory                  0x000006a9   Thumb Code     2  heapauxi.o(.text)
    __rt_heap_escrow$2region                 0x000006ab   Thumb Code     2  heapauxi.o(.text)
    __rt_heap_expand$2region                 0x000006ad   Thumb Code     2  heapauxi.o(.text)
    _printf_int_common                       0x000006af   Thumb Code   178  _printf_intcommon.o(.text)
    _printf_char_common                      0x0000076b   Thumb Code    32  _printf_char_common.o(.text)
    _sputc                                   0x00000791   Thumb Code    10  _sputc.o(.text)
    _printf_cs_common                        0x0000079b   Thumb Code    20  _printf_char.o(.text)
    _printf_char                             0x000007af   Thumb Code    16  _printf_char.o(.text)
    _printf_string                           0x000007bf   Thumb Code     8  _printf_char.o(.text)
    __user_setup_stackheap                   0x000007c7   Thumb Code    74  sys_stackheap_outer.o(.text)
    exit                                     0x00000811   Thumb Code    18  exit.o(.text)
    __user_libspace                          0x00000825   Thumb Code     8  libspace.o(.text)
    __user_perproc_libspace                  0x00000825   Thumb Code     0  libspace.o(.text)
    __user_perthread_libspace                0x00000825   Thumb Code     0  libspace.o(.text)
    _sys_exit                                0x0000082d   Thumb Code     8  sys_exit.o(.text)
    __I$use$semihosting                      0x00000839   Thumb Code     0  use_no_semi.o(.text)
    __use_no_semihosting_swi                 0x00000839   Thumb Code     2  use_no_semi.o(.text)
    FILE_Close                               0x0000083b   Thumb Code    10  fat32.o(i.FILE_Close)
    __semihosting_library_function           0x0000083b   Thumb Code     0  indicate_semi.o(.text)
    FILE_Delete                              0x00000845   Thumb Code   104  fat32.o(i.FILE_Delete)
    FILE_GetCh                               0x000008b1   Thumb Code   126  fat32.o(i.FILE_GetCh)
    FILE_GetList                             0x00000935   Thumb Code   308  fat32.o(i.FILE_GetList)
    FILE_GetMemoryStatics                    0x00000a8d   Thumb Code   194  fat32.o(i.FILE_GetMemoryStatics)
    FILE_Open                                0x00000b71   Thumb Code   430  fat32.o(i.FILE_Open)
    FILE_PutCh                               0x00000d35   Thumb Code   688  fat32.o(i.FILE_PutCh)
    SD_Init                                  0x00000ff5   Thumb Code    42  sd.o(i.SD_Init)
    SD_readSingleBlock                       0x0000101f   Thumb Code   112  sd.o(i.SD_readSingleBlock)
    SD_sendCommand                           0x00001091   Thumb Code   192  sd.o(i.SD_sendCommand)
    SD_writeSingleBlock                      0x00001159   Thumb Code   178  sd.o(i.SD_writeSingleBlock)
    SPI_DisableChipSelect                    0x0000120d   Thumb Code    16  spi.o(i.SPI_DisableChipSelect)
    SPI_EnableChipSelect                     0x00001225   Thumb Code    16  spi.o(i.SPI_EnableChipSelect)
    SSI_Read                                 0x0000123d   Thumb Code    42  spi.o(i.SSI_Read)
    SSI_Write                                0x0000126d   Thumb Code    40  spi.o(i.SSI_Write)
    SystemInit                               0x00001299   Thumb Code   112  system_tm4c123.o(i.SystemInit)
    UART0_RxChar                             0x00001331   Thumb Code    22  uart.o(i.UART0_RxChar)
    UART0_RxString                           0x0000134d   Thumb Code    62  uart.o(i.UART0_RxString)
    UART0_Tx                                 0x0000138d   Thumb Code    20  uart.o(i.UART0_Tx)
    UART0_str                                0x000013a5   Thumb Code    22  uart.o(i.UART0_str)
    convertFileName                          0x000013bb   Thumb Code   170  fat32.o(i.convertFileName)
    deletefile                               0x00001465   Thumb Code   250  fat32.o(i.deletefile)
    extract_DataBySize                       0x00001575   Thumb Code    30  fat32.o(i.extract_DataBySize)
    file_GetDate                             0x00001593   Thumb Code    26  fat32.o(i.file_GetDate)
    file_GetTime                             0x000015ad   Thumb Code    26  fat32.o(i.file_GetTime)
    freeMemoryUpdate                         0x000015c9   Thumb Code    86  fat32.o(i.freeMemoryUpdate)
    getBootSectorData                        0x00001625   Thumb Code   258  fat32.o(i.getBootSectorData)
    getFirstSector                           0x00001751   Thumb Code    18  fat32.o(i.getFirstSector)
    getSetFreeCluster                        0x0000176d   Thumb Code   112  fat32.o(i.getSetFreeCluster)
    getSetNextCluster                        0x000017ed   Thumb Code   120  fat32.o(i.getSetNextCluster)
    init_SSI0                                0x00001871   Thumb Code   214  spi.o(i.init_SSI0)
    init_SdCard                              0x0000196d   Thumb Code   230  sd.o(i.init_SdCard)
    init_UART0                               0x00001a59   Thumb Code   110  uart.o(i.init_UART0)
    init_UART1                               0x00001add   Thumb Code   110  uart.o(i.init_UART1)
    main                                     0x00001b61   Thumb Code  1712  main.o(i.main)
    openFile                                 0x00002211   Thumb Code   252  fat32.o(i.openFile)
    searchNextFreeCluster                    0x0000231d   Thumb Code    96  fat32.o(i.searchNextFreeCluster)
    _fp_init                                 0x0000238d   Thumb Code    10  fpinit.o(x$fpl$fpinit)
    __fplib_config_fpu_vfp                   0x00002395   Thumb Code     0  fpinit.o(x$fpl$fpinit)
    __fplib_config_pureend_doubles           0x00002395   Thumb Code     0  fpinit.o(x$fpl$fpinit)
    Region$$Table$$Base                      0x000024c8   Number         0  anon$$obj.o(Region$$Table)
    Region$$Table$$Limit                     0x000024e8   Number         0  anon$$obj.o(Region$$Table)
    V_SdHighcapacityFlag_u8                  0x20000000   Data           1  sd.o(.data)
    i                                        0x20000004   Data           4  sd.o(.data)
    firstDataSector                          0x20000008   Data           4  fat32.o(.data)
    rootCluster                              0x2000000c   Data           4  fat32.o(.data)
    totalClusters                            0x20000010   Data           4  fat32.o(.data)
    bytesPerSector                           0x20000014   Data           2  fat32.o(.data)
    sectorPerCluster                         0x20000016   Data           2  fat32.o(.data)
    reservedSectorCount                      0x20000018   Data           2  fat32.o(.data)
    unusedSectors                            0x2000001c   Data           4  fat32.o(.data)
    freeClusterCountUpdated                  0x20000020   Data           1  fat32.o(.data)
    fatMappingTable                          0x20000034   Data        1152  fat32.o(.bss)
    GlobalBuffer                             0x200004b4   Data         512  fat32.o(.bss)
    __libspace_start                         0x200006b4   Data          96  libspace.o(.bss)
    __temporary_stack_top$libspace           0x20000714   Data           0  libspace.o(.bss)



==============================================================================

Memory Map of the image

  Image Entry point : 0x00000321

  Load Region LR_1 (Base: 0x00000000, Size: 0x0000251c, Max: 0xffffffff, ABSOLUTE)

    Execution Region ER_RO (Exec base: 0x00000000, Load base: 0x00000000, Size: 0x000024e8, Max: 0xffffffff, ABSOLUTE)

    Exec Addr    Load Addr    Size         Type   Attr      Idx    E Section Name        Object

    0x00000000   0x00000000   0x0000026c   Data   RO          384    RESET               startup_tm4c123.o
    0x0000026c   0x0000026c   0x00000008   Code   RO          476  * !!!main             c_w.l(__main.o)
    0x00000274   0x00000274   0x00000034   Code   RO          644    !!!scatter          c_w.l(__scatter.o)
    0x000002a8   0x000002a8   0x0000001a   Code   RO          646    !!handler_copy      c_w.l(__scatter_copy.o)
    0x000002c2   0x000002c2   0x00000002   PAD
    0x000002c4   0x000002c4   0x0000001c   Code   RO          648    !!handler_zi        c_w.l(__scatter_zi.o)
    0x000002e0   0x000002e0   0x00000000   Code   RO          465    .ARM.Collect$$_printf_percent$$00000000  c_w.l(_printf_percent.o)
    0x000002e0   0x000002e0   0x00000006   Code   RO          463    .ARM.Collect$$_printf_percent$$00000009  c_w.l(_printf_d.o)
    0x000002e6   0x000002e6   0x00000006   Code   RO          464    .ARM.Collect$$_printf_percent$$0000000A  c_w.l(_printf_u.o)
    0x000002ec   0x000002ec   0x00000006   Code   RO          462    .ARM.Collect$$_printf_percent$$00000014  c_w.l(_printf_s.o)
    0x000002f2   0x000002f2   0x00000004   Code   RO          487    .ARM.Collect$$_printf_percent$$00000017  c_w.l(_printf_percent_end.o)
    0x000002f6   0x000002f6   0x00000002   Code   RO          514    .ARM.Collect$$libinit$$00000000  c_w.l(libinit.o)
    0x000002f8   0x000002f8   0x00000004   Code   RO          520    .ARM.Collect$$libinit$$00000001  c_w.l(libinit2.o)
    0x000002fc   0x000002fc   0x00000000   Code   RO          523    .ARM.Collect$$libinit$$00000004  c_w.l(libinit2.o)
    0x000002fc   0x000002fc   0x00000000   Code   RO          526    .ARM.Collect$$libinit$$0000000A  c_w.l(libinit2.o)
    0x000002fc   0x000002fc   0x00000000   Code   RO          528    .ARM.Collect$$libinit$$0000000C  c_w.l(libinit2.o)
    0x000002fc   0x000002fc   0x00000000   Code   RO          530    .ARM.Collect$$libinit$$0000000E  c_w.l(libinit2.o)
    0x000002fc   0x000002fc   0x00000000   Code   RO          533    .ARM.Collect$$libinit$$00000011  c_w.l(libinit2.o)
    0x000002fc   0x000002fc   0x00000000   Code   RO          535    .ARM.Collect$$libinit$$00000013  c_w.l(libinit2.o)
    0x000002fc   0x000002fc   0x00000000   Code   RO          537    .ARM.Collect$$libinit$$00000015  c_w.l(libinit2.o)
    0x000002fc   0x000002fc   0x00000000   Code   RO          539    .ARM.Collect$$libinit$$00000017  c_w.l(libinit2.o)
    0x000002fc   0x000002fc   0x00000000   Code   RO          541    .ARM.Collect$$libinit$$00000019  c_w.l(libinit2.o)
    0x000002fc   0x000002fc   0x00000000   Code   RO          543    .ARM.Collect$$libinit$$0000001B  c_w.l(libinit2.o)
    0x000002fc   0x000002fc   0x00000000   Code   RO          545    .ARM.Collect$$libinit$$0000001D  c_w.l(libinit2.o)
    0x000002fc   0x000002fc   0x00000000   Code   RO          547    .ARM.Collect$$libinit$$0000001F  c_w.l(libinit2.o)
    0x000002fc   0x000002fc   0x00000000   Code   RO          549    .ARM.Collect$$libinit$$00000021  c_w.l(libinit2.o)
    0x000002fc   0x000002fc   0x00000000   Code   RO          551    .ARM.Collect$$libinit$$00000023  c_w.l(libinit2.o)
    0x000002fc   0x000002fc   0x00000000   Code   RO          553    .ARM.Collect$$libinit$$00000025  c_w.l(libinit2.o)
    0x000002fc   0x000002fc   0x00000000   Code   RO          557    .ARM.Collect$$libinit$$0000002C  c_w.l(libinit2.o)
    0x000002fc   0x000002fc   0x00000000   Code   RO          559    .ARM.Collect$$libinit$$0000002E  c_w.l(libinit2.o)
    0x000002fc   0x000002fc   0x00000000   Code   RO          561    .ARM.Collect$$libinit$$00000030  c_w.l(libinit2.o)
    0x000002fc   0x000002fc   0x00000000   Code   RO          563    .ARM.Collect$$libinit$$00000032  c_w.l(libinit2.o)
    0x000002fc   0x000002fc   0x00000002   Code   RO          564    .ARM.Collect$$libinit$$00000033  c_w.l(libinit2.o)
    0x000002fe   0x000002fe   0x00000002   Code   RO          584    .ARM.Collect$$libshutdown$$00000000  c_w.l(libshutdown.o)
    0x00000300   0x00000300   0x00000000   Code   RO          597    .ARM.Collect$$libshutdown$$00000002  c_w.l(libshutdown2.o)
    0x00000300   0x00000300   0x00000000   Code   RO          599    .ARM.Collect$$libshutdown$$00000004  c_w.l(libshutdown2.o)
    0x00000300   0x00000300   0x00000000   Code   RO          602    .ARM.Collect$$libshutdown$$00000007  c_w.l(libshutdown2.o)
    0x00000300   0x00000300   0x00000000   Code   RO          605    .ARM.Collect$$libshutdown$$0000000A  c_w.l(libshutdown2.o)
    0x00000300   0x00000300   0x00000000   Code   RO          607    .ARM.Collect$$libshutdown$$0000000C  c_w.l(libshutdown2.o)
    0x00000300   0x00000300   0x00000000   Code   RO          610    .ARM.Collect$$libshutdown$$0000000F  c_w.l(libshutdown2.o)
    0x00000300   0x00000300   0x00000002   Code   RO          611    .ARM.Collect$$libshutdown$$00000010  c_w.l(libshutdown2.o)
    0x00000302   0x00000302   0x00000000   Code   RO          478    .ARM.Collect$$rtentry$$00000000  c_w.l(__rtentry.o)
    0x00000302   0x00000302   0x00000000   Code   RO          489    .ARM.Collect$$rtentry$$00000002  c_w.l(__rtentry2.o)
    0x00000302   0x00000302   0x00000006   Code   RO          501    .ARM.Collect$$rtentry$$00000004  c_w.l(__rtentry4.o)
    0x00000308   0x00000308   0x00000000   Code   RO          491    .ARM.Collect$$rtentry$$00000009  c_w.l(__rtentry2.o)
    0x00000308   0x00000308   0x00000004   Code   RO          492    .ARM.Collect$$rtentry$$0000000A  c_w.l(__rtentry2.o)
    0x0000030c   0x0000030c   0x00000000   Code   RO          494    .ARM.Collect$$rtentry$$0000000C  c_w.l(__rtentry2.o)
    0x0000030c   0x0000030c   0x00000008   Code   RO          495    .ARM.Collect$$rtentry$$0000000D  c_w.l(__rtentry2.o)
    0x00000314   0x00000314   0x00000002   Code   RO          518    .ARM.Collect$$rtexit$$00000000  c_w.l(rtexit.o)
    0x00000316   0x00000316   0x00000000   Code   RO          566    .ARM.Collect$$rtexit$$00000002  c_w.l(rtexit2.o)
    0x00000316   0x00000316   0x00000004   Code   RO          567    .ARM.Collect$$rtexit$$00000003  c_w.l(rtexit2.o)
    0x0000031a   0x0000031a   0x00000006   Code   RO          568    .ARM.Collect$$rtexit$$00000004  c_w.l(rtexit2.o)
    0x00000320   0x00000320   0x00000114   Code   RO          385  * .text               startup_tm4c123.o
    0x00000434   0x00000434   0x00000028   Code   RO          434    .text               c_w.l(noretval__2sprintf.o)
    0x0000045c   0x0000045c   0x00000068   Code   RO          436    .text               c_w.l(__printf.o)
    0x000004c4   0x000004c4   0x00000052   Code   RO          438    .text               c_w.l(_printf_str.o)
    0x00000516   0x00000516   0x00000002   PAD
    0x00000518   0x00000518   0x00000078   Code   RO          440    .text               c_w.l(_printf_dec.o)
    0x00000590   0x00000590   0x00000048   Code   RO          466    .text               c_w.l(strcpy.o)
    0x000005d8   0x000005d8   0x0000004e   Code   RO          470    .text               c_w.l(rt_memclr_w.o)
    0x00000626   0x00000626   0x00000002   PAD
    0x00000628   0x00000628   0x00000080   Code   RO          472    .text               c_w.l(strcmpv7m.o)
    0x000006a8   0x000006a8   0x00000006   Code   RO          474    .text               c_w.l(heapauxi.o)
    0x000006ae   0x000006ae   0x000000b2   Code   RO          479    .text               c_w.l(_printf_intcommon.o)
    0x00000760   0x00000760   0x00000030   Code   RO          481    .text               c_w.l(_printf_char_common.o)
    0x00000790   0x00000790   0x0000000a   Code   RO          483    .text               c_w.l(_sputc.o)
    0x0000079a   0x0000079a   0x0000002c   Code   RO          485    .text               c_w.l(_printf_char.o)
    0x000007c6   0x000007c6   0x0000004a   Code   RO          505    .text               c_w.l(sys_stackheap_outer.o)
    0x00000810   0x00000810   0x00000012   Code   RO          507    .text               c_w.l(exit.o)
    0x00000822   0x00000822   0x00000002   PAD
    0x00000824   0x00000824   0x00000008   Code   RO          515    .text               c_w.l(libspace.o)
    0x0000082c   0x0000082c   0x0000000c   Code   RO          576    .text               c_w.l(sys_exit.o)
    0x00000838   0x00000838   0x00000002   Code   RO          587    .text               c_w.l(use_no_semi.o)
    0x0000083a   0x0000083a   0x00000000   Code   RO          589    .text               c_w.l(indicate_semi.o)
    0x0000083a   0x0000083a   0x0000000a   Code   RO          255    i.FILE_Close        fat32.o
    0x00000844   0x00000844   0x0000006c   Code   RO          256    i.FILE_Delete       fat32.o
    0x000008b0   0x000008b0   0x00000084   Code   RO          257    i.FILE_GetCh        fat32.o
    0x00000934   0x00000934   0x00000158   Code   RO          258    i.FILE_GetList      fat32.o
    0x00000a8c   0x00000a8c   0x000000e4   Code   RO          259    i.FILE_GetMemoryStatics  fat32.o
    0x00000b70   0x00000b70   0x000001c4   Code   RO          260    i.FILE_Open         fat32.o
    0x00000d34   0x00000d34   0x000002c0   Code   RO          261    i.FILE_PutCh        fat32.o
    0x00000ff4   0x00000ff4   0x0000002a   Code   RO          138    i.SD_Init           sd.o
    0x0000101e   0x0000101e   0x00000070   Code   RO          140    i.SD_readSingleBlock  sd.o
    0x0000108e   0x0000108e   0x00000002   PAD
    0x00001090   0x00001090   0x000000c8   Code   RO          141    i.SD_sendCommand    sd.o
    0x00001158   0x00001158   0x000000b2   Code   RO          142    i.SD_writeSingleBlock  sd.o
    0x0000120a   0x0000120a   0x00000002   PAD
    0x0000120c   0x0000120c   0x00000018   Code   RO           83    i.SPI_DisableChipSelect  spi.o
    0x00001224   0x00001224   0x00000018   Code   RO           84    i.SPI_EnableChipSelect  spi.o
    0x0000123c   0x0000123c   0x00000030   Code   RO           85    i.SSI_Read          spi.o
    0x0000126c   0x0000126c   0x0000002c   Code   RO           86    i.SSI_Write         spi.o
    0x00001298   0x00001298   0x00000098   Code   RO          393    i.SystemInit        system_tm4c123.o
    0x00001330   0x00001330   0x0000001c   Code   RO          192    i.UART0_RxChar      uart.o
    0x0000134c   0x0000134c   0x0000003e   Code   RO          193    i.UART0_RxString    uart.o
    0x0000138a   0x0000138a   0x00000002   PAD
    0x0000138c   0x0000138c   0x00000018   Code   RO          194    i.UART0_Tx          uart.o
    0x000013a4   0x000013a4   0x00000016   Code   RO          196    i.UART0_str         uart.o
    0x000013ba   0x000013ba   0x000000aa   Code   RO          262    i.convertFileName   fat32.o
    0x00001464   0x00001464   0x00000110   Code   RO          263    i.deletefile        fat32.o
    0x00001574   0x00001574   0x0000001e   Code   RO          264    i.extract_DataBySize  fat32.o
    0x00001592   0x00001592   0x0000001a   Code   RO          265    i.file_GetDate      fat32.o
    0x000015ac   0x000015ac   0x0000001a   Code   RO          266    i.file_GetTime      fat32.o
    0x000015c6   0x000015c6   0x00000002   PAD
    0x000015c8   0x000015c8   0x0000005c   Code   RO          267    i.freeMemoryUpdate  fat32.o
    0x00001624   0x00001624   0x0000012c   Code   RO          268    i.getBootSectorData  fat32.o
    0x00001750   0x00001750   0x0000001c   Code   RO          269    i.getFirstSector    fat32.o
    0x0000176c   0x0000176c   0x00000080   Code   RO          270    i.getSetFreeCluster  fat32.o
    0x000017ec   0x000017ec   0x00000084   Code   RO          271    i.getSetNextCluster  fat32.o
    0x00001870   0x00001870   0x000000fc   Code   RO           87    i.init_SSI0         spi.o
    0x0000196c   0x0000196c   0x000000ec   Code   RO          143    i.init_SdCard       sd.o
    0x00001a58   0x00001a58   0x00000084   Code   RO          197    i.init_UART0        uart.o
    0x00001adc   0x00001adc   0x00000084   Code   RO          198    i.init_UART1        uart.o
    0x00001b60   0x00001b60   0x000006b0   Code   RO            4    i.main              main.o
    0x00002210   0x00002210   0x0000010c   Code   RO          272    i.openFile          fat32.o
    0x0000231c   0x0000231c   0x00000070   Code   RO          273    i.searchNextFreeCluster  fat32.o
    0x0000238c   0x0000238c   0x0000000a   Code   RO          574    x$fpl$fpinit        fz_wm.l(fpinit.o)
    0x00002396   0x00002396   0x00000002   PAD
    0x00002398   0x00002398   0x0000012d   Data   RO            5    .conststring        main.o
    0x000024c5   0x000024c5   0x00000003   PAD
    0x000024c8   0x000024c8   0x00000020   Data   RO          642    Region$$Table       anon$$obj.o


    Execution Region ER_RW (Exec base: 0x20000000, Load base: 0x000024e8, Size: 0x00000034, Max: 0xffffffff, ABSOLUTE)

    Exec Addr    Load Addr    Size         Type   Attr      Idx    E Section Name        Object

    0x20000000   0x000024e8   0x00000008   Data   RW          144    .data               sd.o
    0x20000008   0x000024f0   0x0000002a   Data   RW          275    .data               fat32.o


    Execution Region ER_ZI (Exec base: 0x20000034, Load base: 0x0000251c, Size: 0x000008e4, Max: 0xffffffff, ABSOLUTE)

    Exec Addr    Load Addr    Size         Type   Attr      Idx    E Section Name        Object

    0x20000034        -       0x00000680   Zero   RW          274    .bss                fat32.o
    0x200006b4        -       0x00000060   Zero   RW          516    .bss                c_w.l(libspace.o)
    0x20000714   0x0000251c   0x00000004   PAD
    0x20000718        -       0x00000000   Zero   RW          383    HEAP                startup_tm4c123.o
    0x20000718        -       0x00000200   Zero   RW          382    STACK               startup_tm4c123.o


==============================================================================

Image component sizes


      Code (inc. data)   RO Data    RW Data    ZI Data      Debug   Object Name

      3562        258          0         42       1664      16208   fat32.o
      1712       1058        301          0          0      10591   main.o
       768         14          0          8          0       8112   sd.o
       392         64          0          0          0       2322   spi.o
       276         24        620          0        512       5448   startup_tm4c123.o
       152         40          0          0          0        593   system_tm4c123.o
       400         54          0          0          0       2977   uart.o

    ----------------------------------------------------------------------
      7270       1512        956         52       2176      46251   Object Totals
         0          0         32          0          0          0   (incl. Generated)
         8          0          3          2          0          0   (incl. Padding)

    ----------------------------------------------------------------------

      Code (inc. data)   RO Data    RW Data    ZI Data      Debug   Library Member Name

         8          0          0          0          0         68   __main.o
       104          0          0          0          0         84   __printf.o
         0          0          0          0          0          0   __rtentry.o
        12          0          0          0          0          0   __rtentry2.o
         6          0          0          0          0          0   __rtentry4.o
        52          8          0          0          0          0   __scatter.o
        26          0          0          0          0          0   __scatter_copy.o
        28          0          0          0          0          0   __scatter_zi.o
        44          0          0          0          0        108   _printf_char.o
        48          6          0          0          0         96   _printf_char_common.o
         6          0          0          0          0          0   _printf_d.o
       120         16          0          0          0         92   _printf_dec.o
       178          0          0          0          0         88   _printf_intcommon.o
         0          0          0          0          0          0   _printf_percent.o
         4          0          0          0          0          0   _printf_percent_end.o
         6          0          0          0          0          0   _printf_s.o
        82          0          0          0          0         80   _printf_str.o
         6          0          0          0          0          0   _printf_u.o
        10          0          0          0          0         68   _sputc.o
        18          0          0          0          0         80   exit.o
         6          0          0          0          0        152   heapauxi.o
         0          0          0          0          0          0   indicate_semi.o
         2          0          0          0          0          0   libinit.o
         6          0          0          0          0          0   libinit2.o
         2          0          0          0          0          0   libshutdown.o
         2          0          0          0          0          0   libshutdown2.o
         8          4          0          0         96         68   libspace.o
        40          6          0          0          0         84   noretval__2sprintf.o
        78          0          0          0          0         80   rt_memclr_w.o
         2          0          0          0          0          0   rtexit.o
        10          0          0          0          0          0   rtexit2.o
       128          0          0          0          0         68   strcmpv7m.o
        72          0          0          0          0         80   strcpy.o
        12          4          0          0          0         68   sys_exit.o
        74          0          0          0          0         80   sys_stackheap_outer.o
         2          0          0          0          0         68   use_no_semi.o
        10          0          0          0          0        116   fpinit.o

    ----------------------------------------------------------------------
      1222         44          0          0        100       1628   Library Totals
        10          0          0          0          4          0   (incl. Padding)

    ----------------------------------------------------------------------

      Code (inc. data)   RO Data    RW Data    ZI Data      Debug   Library Name

      1202         44          0          0         96       1512   c_w.l
        10          0          0          0          0        116   fz_wm.l

    ----------------------------------------------------------------------
      1222         44          0          0        100       1628   Library Totals

    ----------------------------------------------------------------------

==============================================================================


      Code (inc. data)   RO Data    RW Data    ZI Data      Debug   

      8492       1556        956         52       2276      43951   Grand Totals
      8492       1556        956         52       2276      43951   ELF Image Totals
      8492       1556        956         52          0          0   ROM Totals

==============================================================================

    Total RO  Size (Code + RO Data)                 9448 (   9.23kB)
    Total RW  Size (RW Data + ZI Data)              2328 (   2.27kB)
    Total ROM Size (Code + RO Data + RW Data)       9500 (   9.28kB)

==============================================================================

